ROM Bank #0 (HOME):
  SECTION: $0028-$0038 ($0011 bytes) ["Copy Data"]
           $002E = COPY_DATA.copy_data_loop
           $0028 = COPY_DATA
  SECTION: $0040-$0042 ($0003 bytes) ["VBlank IRQ"]
  SECTION: $0048-$0048 ($0001 bytes) ["LCD IRQ Vector"]
           $0048 = LCD_VECT
  SECTION: $0050-$0050 ($0001 bytes) ["Timer IRQ Vector"]
           $0050 = TIMER_VECT
  SECTION: $0058-$0058 ($0001 bytes) ["Serial IRQ Vector"]
           $0058 = SERIAL_VECT
  SECTION: $0060-$0060 ($0001 bytes) ["Joypad IRQ Vector"]
           $0060 = JOYPAD_VECT
  SECTION: $0100-$014F ($0050 bytes) ["Start"]
  SECTION: $0C3C-$0E2B ($01F0 bytes) ["Tiles"]
           $0C3C = TILE_DATA
  SECTION: $083C-$0C3B ($0400 bytes) ["Map"]
           $083C = MAP_DATA
  SECTION: $0150-$083B ($06EC bytes) ["Program Start"]
           $0741 = VBLANK_IRQ
           $0150 = START
           $0775 = CLEAR_MAP
           $0784 = LOAD_TILES
           $0796 = LOAD_MAP
           $07A8 = READ_JOYPAD
           $07D8 = JOY_RIGHT
           $07E7 = JOY_LEFT
           $07F6 = JOY_UP
           $0804 = JOY_DOWN
           $074D = WAIT_VBLANK
           $01A9 = PAX_VM
           $018C = LOOP
           $03E6 = PAX_FN_03D
           $01CA = PAX_VM.target_5
           $0699 = PAX_FN_initialize
           $0308 = PAX_FN_over
           $041C = PAX_FN_3D
           $022F = PAX_VM.target_18
           $05F4 = PAX_FN_move2Dleft
           $02B8 = PAX_VM.target_43
           $0264 = PAX_VM.target_26
           $062B = PAX_FN_move2Dup
           $02B8 = PAX_VM.target_42
           $0299 = PAX_VM.target_34
           $05BD = PAX_FN_move2Dright
           $02B8 = PAX_VM.target_41
           $02B8 = PAX_VM.target_40
           $0662 = PAX_FN_move2Ddown
           $02C6 = PAX_FN_drop.target_3
           $02B9 = PAX_FN_drop
           $02D2 = PAX_FN_swap
           $039E = PAX_FN_invert
           $03B6 = PAX_FN_negate
           $0412 = PAX_FN_03D.target_6
           $041B = PAX_FN_03D.target_8
           $03CA = PAX_FN_2D
           $03D5 = PAX_FN_12B
           $0397 = PAX_FN_2dup
           $0470 = PAX_FN_loopimpl.target_13
           $02C7 = PAX_FN_2drop
           $0487 = PAX_FN_loopimpl.target_17
           $0423 = PAX_FN_loopimpl
           $059C = PAX_FN_2A.target_8
           $05E5 = PAX_FN_move2Dright.wait
           $061C = PAX_FN_move2Dleft.wait
           $0653 = PAX_FN_move2Dup.wait
           $068A = PAX_FN_move2Ddown.wait
           $04F2 = PAX_FN_j
           $056E = PAX_FN_2A
           $0492 = PAX_FN_i
           $0711 = PAX_FN_initialize.wait
           $06D9 = PAX_FN_initialize.target_11
           $06B9 = PAX_FN_initialize.target_6
           $0750 = WAIT_VBLANK.wait_vblank_loop
           $077B = CLEAR_MAP.clear_map_loop
           $078D = LOAD_TILES.load_tiles_loop
           $079F = LOAD_MAP.load_map_loop
           $083A = JOY_FALSE
           $03E6 = PAX_FN_03D.target_1
           $056E = PAX_FN_2A.target_1
           $0361 = PAX_FN_dup
           $03CA = PAX_FN_2D.target_1
           $034C = PAX_FN_rot.target_1
           $081C = JOY_B
           $0812 = JOY_A
           $05BD = PAX_FN_move2Dright.target_1
           $03B6 = PAX_FN_negate.target_1
           $0662 = PAX_FN_move2Ddown.target_1
           $0308 = PAX_FN_over.target_1
           $02B9 = PAX_FN_drop.target_1
           $034C = PAX_FN_rot
           $0492 = PAX_FN_i.target_1
           $0761 = DMA_COPY
           $0826 = JOY_SELECT
           $0361 = PAX_FN_dup.target_1
           $02D2 = PAX_FN_swap.target_1
           $05F4 = PAX_FN_move2Dleft.target_1
           $0423 = PAX_FN_loopimpl.target_1
           $062B = PAX_FN_move2Dup.target_1
           $0699 = PAX_FN_initialize.target_1
           $0397 = PAX_FN_2dup.target_1
           $04F2 = PAX_FN_j.target_1
           $0830 = JOY_START
           $041C = PAX_FN_3D.target_1
           $02C7 = PAX_FN_2drop.target_1
           $03D5 = PAX_FN_12B.target_1
           $039E = PAX_FN_invert.target_1
    SLACK: $32BC bytes

WRAM Bank #0:
  SECTION: $C000-$C004 ($0005 bytes) ["RAM Vars"]
           $C004 = vblank_temp
           $C000 = vblank_flag
           $C001 = vblank_count
           $C002 = joypad_down
           $C003 = joypad_pressed
  SECTION: $C020-$C025 ($0006 bytes) ["Pax Vars"]
           $C020 = pax_var_last_key
           $C024 = pax_var_initialized
           $C022 = pax_var_temp
    SLACK: $0FF5 bytes

WRAM Bank #1:
  EMPTY

WRAM Bank #2:
  EMPTY

WRAM Bank #3:
  EMPTY

WRAM Bank #4:
  EMPTY

WRAM Bank #5:
  EMPTY

WRAM Bank #6:
  EMPTY

WRAM Bank #7:
  EMPTY

VRAM Bank #0:
  EMPTY

VRAM Bank #1:
  EMPTY

OAM:
  EMPTY

HRAM:
  EMPTY

SRAM Bank #0:
  EMPTY

SRAM Bank #1:
  EMPTY

SRAM Bank #2:
  EMPTY

SRAM Bank #3:
  EMPTY

SRAM Bank #4:
  EMPTY

SRAM Bank #5:
  EMPTY

SRAM Bank #6:
  EMPTY

SRAM Bank #7:
  EMPTY

SRAM Bank #8:
  EMPTY

SRAM Bank #9:
  EMPTY

SRAM Bank #10:
  EMPTY

SRAM Bank #11:
  EMPTY

SRAM Bank #12:
  EMPTY

SRAM Bank #13:
  EMPTY

SRAM Bank #14:
  EMPTY

SRAM Bank #15:
  EMPTY

