ROM Bank #0 (HOME):
  SECTION: $0028-$0038 ($0011 bytes) ["Copy Data"]
           $002E = COPY_DATA.copy_data_loop
           $0028 = COPY_DATA
  SECTION: $0040-$0045 ($0006 bytes) ["VBlank IRQ"]
  SECTION: $0048-$0048 ($0001 bytes) ["LCD IRQ Vector"]
           $0048 = LCD_VECT
  SECTION: $0050-$0050 ($0001 bytes) ["Timer IRQ Vector"]
           $0050 = TIMER_VECT
  SECTION: $0058-$0058 ($0001 bytes) ["Serial IRQ Vector"]
           $0058 = SERIAL_VECT
  SECTION: $0060-$0060 ($0001 bytes) ["Joypad IRQ Vector"]
           $0060 = JOYPAD_VECT
  SECTION: $0100-$014F ($0050 bytes) ["Start"]
  SECTION: $0AB0-$0C9F ($01F0 bytes) ["Tiles"]
           $0AB0 = TILE_DATA
  SECTION: $06B0-$0AAF ($0400 bytes) ["Map"]
           $06B0 = MAP_DATA
  SECTION: $0150-$06AF ($0560 bytes) ["Program Start"]
           $0150 = START
           $05E9 = CLEAR_MAP
           $05F8 = LOAD_TILES
           $060A = LOAD_MAP
           $05C1 = WAIT_VBLANK
           $061C = READ_JOYPAD
           $064C = JOY_RIGHT
           $065B = JOY_LEFT
           $066A = JOY_UP
           $0678 = JOY_DOWN
           $01A3 = PAX_VM
           $0186 = LOOP
           $02B3 = PAX_FN_over
           $03A3 = PAX_FN_3D
           $01E6 = PAX_VM.target_9
           $052D = PAX_FN_move2Dleft
           $026F = PAX_VM.target_34
           $021B = PAX_VM.target_17
           $055E = PAX_FN_move2Dup
           $026F = PAX_VM.target_33
           $0250 = PAX_VM.target_25
           $04FC = PAX_FN_move2Dright
           $026F = PAX_VM.target_32
           $026F = PAX_VM.target_31
           $058F = PAX_FN_move2Ddown
           $027D = PAX_FN_drop.target_3
           $0270 = PAX_FN_drop
           $0289 = PAX_FN_swap
           $0325 = PAX_FN_invert
           $033D = PAX_FN_negate
           $0399 = PAX_FN_03D.target_6
           $03A2 = PAX_FN_03D.target_8
           $0351 = PAX_FN_2D
           $036D = PAX_FN_03D
           $035C = PAX_FN_12B
           $031E = PAX_FN_2dup
           $03F7 = PAX_FN_loopimpl.target_13
           $027E = PAX_FN_2drop
           $0402 = PAX_FN_loopimpl.target_17
           $03AA = PAX_FN_loopimpl
           $04DB = PAX_FN_2A.target_8
           $05C4 = WAIT_VBLANK.wait_vblank_loop
           $05EF = CLEAR_MAP.clear_map_loop
           $0601 = LOAD_TILES.load_tiles_loop
           $0613 = LOAD_MAP.load_map_loop
           $06AE = JOY_FALSE
           $036D = PAX_FN_03D.target_1
           $04B9 = PAX_FN_2A.target_1
           $02F4 = PAX_FN_dup
           $0351 = PAX_FN_2D.target_1
           $02DF = PAX_FN_rot.target_1
           $0690 = JOY_B
           $0686 = JOY_A
           $04FC = PAX_FN_move2Dright.target_1
           $033D = PAX_FN_negate.target_1
           $058F = PAX_FN_move2Ddown.target_1
           $02B3 = PAX_FN_over.target_1
           $0270 = PAX_FN_drop.target_1
           $02DF = PAX_FN_rot
           $040D = PAX_FN_i.target_1
           $05D5 = DMA_COPY
           $069A = JOY_SELECT
           $040D = PAX_FN_i
           $0455 = PAX_FN_j
           $02F4 = PAX_FN_dup.target_1
           $0289 = PAX_FN_swap.target_1
           $052D = PAX_FN_move2Dleft.target_1
           $03AA = PAX_FN_loopimpl.target_1
           $055E = PAX_FN_move2Dup.target_1
           $031E = PAX_FN_2dup.target_1
           $0455 = PAX_FN_j.target_1
           $06A4 = JOY_START
           $03A3 = PAX_FN_3D.target_1
           $027E = PAX_FN_2drop.target_1
           $04B9 = PAX_FN_2A
           $035C = PAX_FN_12B.target_1
           $0325 = PAX_FN_invert.target_1
    SLACK: $3445 bytes

WRAM Bank #0:
  SECTION: $C000-$C007 ($0008 bytes) ["RAM Vars"]
           $C000 = vblank_flag
           $C004 = pax_var_last_key
           $C001 = vblank_count
           $C002 = joypad_down
           $C003 = joypad_pressed
           $C006 = pax_var_temp
    SLACK: $0FF8 bytes

WRAM Bank #1:
  EMPTY

WRAM Bank #2:
  EMPTY

WRAM Bank #3:
  EMPTY

WRAM Bank #4:
  EMPTY

WRAM Bank #5:
  EMPTY

WRAM Bank #6:
  EMPTY

WRAM Bank #7:
  EMPTY

VRAM Bank #0:
  EMPTY

VRAM Bank #1:
  EMPTY

OAM:
  EMPTY

HRAM:
  EMPTY

SRAM Bank #0:
  EMPTY

SRAM Bank #1:
  EMPTY

SRAM Bank #2:
  EMPTY

SRAM Bank #3:
  EMPTY

SRAM Bank #4:
  EMPTY

SRAM Bank #5:
  EMPTY

SRAM Bank #6:
  EMPTY

SRAM Bank #7:
  EMPTY

SRAM Bank #8:
  EMPTY

SRAM Bank #9:
  EMPTY

SRAM Bank #10:
  EMPTY

SRAM Bank #11:
  EMPTY

SRAM Bank #12:
  EMPTY

SRAM Bank #13:
  EMPTY

SRAM Bank #14:
  EMPTY

SRAM Bank #15:
  EMPTY

