ROM Bank #0 (HOME):
  SECTION: $0028-$0038 ($0011 bytes) ["Copy Data"]
           $002E = COPY_DATA.copy_data_loop
           $0028 = COPY_DATA
  SECTION: $0040-$0045 ($0006 bytes) ["VBlank IRQ"]
  SECTION: $0048-$0048 ($0001 bytes) ["LCD IRQ Vector"]
           $0048 = LCD_VECT
  SECTION: $0050-$0050 ($0001 bytes) ["Timer IRQ Vector"]
           $0050 = TIMER_VECT
  SECTION: $0058-$0058 ($0001 bytes) ["Serial IRQ Vector"]
           $0058 = SERIAL_VECT
  SECTION: $0060-$0060 ($0001 bytes) ["Joypad IRQ Vector"]
           $0060 = JOYPAD_VECT
  SECTION: $0100-$014F ($0050 bytes) ["Start"]
  SECTION: $101C-$120B ($01F0 bytes) ["Tiles"]
           $101C = TILE_DATA
  SECTION: $0C1C-$101B ($0400 bytes) ["Map"]
           $0C1C = MAP_DATA
  SECTION: $0150-$0C1B ($0ACC bytes) ["Program Start"]
           $0150 = START
           $0B55 = CLEAR_MAP
           $0B64 = LOAD_TILES
           $0B76 = LOAD_MAP
           $0B2D = WAIT_VBLANK
           $0B88 = READ_JOYPAD
           $0BB8 = JOY_RIGHT
           $0BC7 = JOY_LEFT
           $0BD6 = JOY_UP
           $0BE4 = JOY_DOWN
           $01A3 = PAX_VM
           $0186 = LOOP
           $01A3 = PAX_VM.opcode_0
           $039F = PAX_VM.PAX_FN_over
           $0B2B = EMULATE_JP_HL
           $0646 = PAX_VM.PAX_FN_3D
           $020A = PAX_VM.opcode_12
           $0A96 = PAX_VM.PAX_FN_move2Dleft
           $02A6 = PAX_VM.opcode_34
           $0263 = PAX_VM.opcode_23
           $0ABD = PAX_VM.PAX_FN_move2Dup
           $02A6 = PAX_VM.opcode_33
           $02A6 = PAX_VM.opcode_32
           $0A5F = PAX_VM.PAX_FN_move2Dright
           $02E8 = PAX_VM.opcode_43
           $0AF4 = PAX_VM.PAX_FN_move2Ddown
           $032A = PAX_VM.opcode_52
           $0345 = PAX_VM.opcode_58
           $0332 = PAX_VM.PAX_FN_drop
           $0363 = PAX_VM.PAX_FN_swap
           $053A = PAX_VM.opcode_129
           $053B = PAX_VM.PAX_FN_invert
           $0559 = PAX_VM.PAX_FN_negate
           $0483 = PAX_VM.PAX_FN_dup
           $063C = PAX_VM.opcode_168
           $0645 = PAX_VM.opcode_170
           $057F = PAX_VM.PAX_FN_2D
           $060A = PAX_VM.PAX_FN_03D
           $04BF = PAX_VM.PAX_FN_2dup
           $059C = PAX_VM.PAX_FN_12B
           $07F5 = PAX_VM.opcode_232
           $0346 = PAX_VM.PAX_FN_2drop
           $080C = PAX_VM.opcode_236
           $03E9 = PAX_VM.PAX_FN_rot
           $08C4 = PAX_VM.opcode_261
           $08DB = PAX_VM.opcode_265
           $0772 = PAX_VM.PAX_FN_loopimpl
           $0A0E = PAX_VM.opcode_309
           $0B30 = WAIT_VBLANK.wait_vblank_loop
           $0B5B = CLEAR_MAP.clear_map_loop
           $0B6D = LOAD_TILES.load_tiles_loop
           $0B7F = LOAD_MAP.load_map_loop
           $0C1A = JOY_FALSE
           $041C = PAX_VM.PAX_FN_r40
           $0823 = PAX_VM.PAX_FN_2Dloopimpl
           $06F7 = PAX_VM.PAX_FN_xor
           $0BFC = JOY_B
           $0BF2 = JOY_A
           $09DA = PAX_VM.PAX_FN_2A
           $0A58 = PAX_VM.opcode_319
           $0A4F = PAX_VM.opcode_318
           $0A17 = PAX_VM.opcode_311
           $0A0E = PAX_VM.opcode_310
           $0A24 = PAX_VM.opcode_313
           $0A1D = PAX_VM.opcode_312
           $0A33 = PAX_VM.opcode_315
           $0A2D = PAX_VM.opcode_314
           $0A49 = PAX_VM.opcode_317
           $0A40 = PAX_VM.opcode_316
           $0A07 = PAX_VM.opcode_308
           $09D4 = PAX_VM.opcode_300
           $09D9 = PAX_VM.opcode_301
           $09DA = PAX_VM.opcode_302
           $09E0 = PAX_VM.opcode_303
           $09E7 = PAX_VM.opcode_304
           $09F0 = PAX_VM.opcode_305
           $09F7 = PAX_VM.opcode_306
           $0A00 = PAX_VM.opcode_307
           $0AF3 = PAX_VM.opcode_339
           $0AE5 = PAX_VM.opcode_338
           $0ABD = PAX_VM.opcode_333
           $0ABC = PAX_VM.opcode_332
           $0AAE = PAX_VM.opcode_331
           $0AA5 = PAX_VM.opcode_330
           $0ADE = PAX_VM.opcode_337
           $0AD5 = PAX_VM.opcode_336
           $0ACC = PAX_VM.opcode_335
           $0AC3 = PAX_VM.opcode_334
           $0A96 = PAX_VM.opcode_328
           $0A9C = PAX_VM.opcode_329
           $0A65 = PAX_VM.opcode_322
           $0A6E = PAX_VM.opcode_323
           $0A5E = PAX_VM.opcode_320
           $0A5F = PAX_VM.opcode_321
           $0A87 = PAX_VM.opcode_326
           $0A95 = PAX_VM.opcode_327
           $0A77 = PAX_VM.opcode_324
           $0A80 = PAX_VM.opcode_325
           $0B15 = PAX_VM.opcode_344
           $0B1C = PAX_VM.opcode_345
           $0B2A = PAX_VM.opcode_346
           $0AF4 = PAX_VM.opcode_340
           $0AFA = PAX_VM.opcode_341
           $0B03 = PAX_VM.opcode_342
           $0B0C = PAX_VM.opcode_343
           $04E4 = PAX_VM.PAX_FN_3Fdup
           $06B5 = PAX_VM.PAX_FN_or
           $06CA = PAX_VM.opcode_193
           $06C4 = PAX_VM.opcode_192
           $06BB = PAX_VM.opcode_191
           $06B5 = PAX_VM.opcode_190
           $06E8 = PAX_VM.opcode_197
           $06E2 = PAX_VM.opcode_196
           $06D9 = PAX_VM.opcode_195
           $06D3 = PAX_VM.opcode_194
           $06F7 = PAX_VM.opcode_199
           $06F6 = PAX_VM.opcode_198
           $0689 = PAX_VM.opcode_182
           $068F = PAX_VM.opcode_183
           $067A = PAX_VM.opcode_180
           $0680 = PAX_VM.opcode_181
           $069F = PAX_VM.opcode_186
           $06A5 = PAX_VM.opcode_187
           $0690 = PAX_VM.opcode_184
           $0696 = PAX_VM.opcode_185
           $06AE = PAX_VM.opcode_188
           $06B4 = PAX_VM.opcode_189
           $0577 = PAX_VM.opcode_139
           $056E = PAX_VM.opcode_138
           $053B = PAX_VM.opcode_131
           $053A = PAX_VM.opcode_130
           $054A = PAX_VM.opcode_133
           $0541 = PAX_VM.opcode_132
           $0559 = PAX_VM.opcode_135
           $0558 = PAX_VM.opcode_134
           $0568 = PAX_VM.opcode_137
           $055F = PAX_VM.opcode_136
           $0535 = PAX_VM.opcode_128
           $04EA = PAX_VM.opcode_120
           $04F3 = PAX_VM.opcode_121
           $0503 = PAX_VM.opcode_122
           $050C = PAX_VM.opcode_123
           $0511 = PAX_VM.opcode_124
           $051E = PAX_VM.opcode_125
           $0527 = PAX_VM.opcode_126
           $052C = PAX_VM.opcode_127
           $04E4 = PAX_VM.opcode_119
           $04E3 = PAX_VM.opcode_118
           $04BF = PAX_VM.opcode_113
           $04BE = PAX_VM.opcode_112
           $04B9 = PAX_VM.opcode_111
           $04B0 = PAX_VM.opcode_110
           $04DD = PAX_VM.opcode_117
           $04D4 = PAX_VM.opcode_116
           $04CE = PAX_VM.opcode_115
           $04C5 = PAX_VM.opcode_114
           $04A2 = PAX_VM.opcode_108
           $04AB = PAX_VM.opcode_109
           $0475 = PAX_VM.opcode_102
           $047B = PAX_VM.opcode_103
           $0467 = PAX_VM.opcode_100
           $046C = PAX_VM.opcode_101
           $0489 = PAX_VM.opcode_106
           $0492 = PAX_VM.opcode_107
           $0482 = PAX_VM.opcode_104
           $0483 = PAX_VM.opcode_105
           $0671 = PAX_VM.opcode_179
           $066B = PAX_VM.opcode_178
           $065B = PAX_VM.opcode_175
           $0655 = PAX_VM.opcode_174
           $066A = PAX_VM.opcode_177
           $0664 = PAX_VM.opcode_176
           $0645 = PAX_VM.opcode_171
           $064C = PAX_VM.opcode_173
           $0646 = PAX_VM.opcode_172
           $063C = PAX_VM.opcode_169
           $0610 = PAX_VM.opcode_164
           $061D = PAX_VM.opcode_165
           $0626 = PAX_VM.opcode_166
           $062F = PAX_VM.opcode_167
           $05F2 = PAX_VM.opcode_160
           $05F9 = PAX_VM.opcode_161
           $0609 = PAX_VM.opcode_162
           $060A = PAX_VM.opcode_163
           $05EB = PAX_VM.opcode_159
           $05E6 = PAX_VM.opcode_158
           $05DF = PAX_VM.opcode_157
           $05D9 = PAX_VM.opcode_156
           $05D0 = PAX_VM.opcode_155
           $05CA = PAX_VM.opcode_154
           $05C9 = PAX_VM.opcode_153
           $05C2 = PAX_VM.opcode_152
           $05B9 = PAX_VM.opcode_151
           $05B3 = PAX_VM.opcode_150
           $05AB = PAX_VM.opcode_148
           $05B2 = PAX_VM.opcode_149
           $059C = PAX_VM.opcode_146
           $05A2 = PAX_VM.opcode_147
           $0594 = PAX_VM.opcode_144
           $059B = PAX_VM.opcode_145
           $0585 = PAX_VM.opcode_142
           $058E = PAX_VM.opcode_143
           $057E = PAX_VM.opcode_140
           $057F = PAX_VM.opcode_141
           $0981 = PAX_VM.opcode_290
           $098A = PAX_VM.opcode_291
           $099A = PAX_VM.opcode_292
           $09A3 = PAX_VM.opcode_293
           $09A8 = PAX_VM.opcode_294
           $09AF = PAX_VM.opcode_295
           $09B6 = PAX_VM.opcode_296
           $09BD = PAX_VM.opcode_297
           $09C4 = PAX_VM.opcode_298
           $09CB = PAX_VM.opcode_299
           $0949 = PAX_VM.opcode_281
           $0942 = PAX_VM.opcode_280
           $0957 = PAX_VM.opcode_283
           $0952 = PAX_VM.opcode_282
           $095E = PAX_VM.opcode_285
           $0958 = PAX_VM.opcode_284
           $096C = PAX_VM.opcode_287
           $0965 = PAX_VM.opcode_286
           $097A = PAX_VM.opcode_289
           $0973 = PAX_VM.opcode_288
           $077F = PAX_VM.opcode_218
           $0786 = PAX_VM.opcode_219
           $074D = PAX_VM.opcode_210
           $074E = PAX_VM.opcode_211
           $0754 = PAX_VM.opcode_212
           $0762 = PAX_VM.opcode_213
           $076B = PAX_VM.opcode_214
           $0771 = PAX_VM.opcode_215
           $0772 = PAX_VM.opcode_216
           $0778 = PAX_VM.opcode_217
           $0815 = PAX_VM.opcode_238
           $081B = PAX_VM.opcode_239
           $07F5 = PAX_VM.opcode_233
           $07DF = PAX_VM.opcode_230
           $07E8 = PAX_VM.opcode_231
           $080C = PAX_VM.opcode_237
           $07FC = PAX_VM.opcode_234
           $0803 = PAX_VM.opcode_235
           $0746 = PAX_VM.opcode_209
           $073F = PAX_VM.opcode_208
           $0706 = PAX_VM.opcode_201
           $06FD = PAX_VM.opcode_200
           $071A = PAX_VM.opcode_203
           $070C = PAX_VM.opcode_202
           $0729 = PAX_VM.opcode_205
           $0723 = PAX_VM.opcode_204
           $0738 = PAX_VM.opcode_207
           $0732 = PAX_VM.opcode_206
           $08A5 = PAX_VM.opcode_258
           $08AE = PAX_VM.opcode_259
           $0883 = PAX_VM.opcode_254
           $0889 = PAX_VM.opcode_255
           $0896 = PAX_VM.opcode_256
           $089F = PAX_VM.opcode_257
           $0865 = PAX_VM.opcode_250
           $086B = PAX_VM.opcode_251
           $0874 = PAX_VM.opcode_252
           $087A = PAX_VM.opcode_253
           $07D6 = PAX_VM.opcode_229
           $07D0 = PAX_VM.opcode_228
           $07A5 = PAX_VM.opcode_223
           $079C = PAX_VM.opcode_222
           $0796 = PAX_VM.opcode_221
           $078D = PAX_VM.opcode_220
           $07C7 = PAX_VM.opcode_227
           $07BA = PAX_VM.opcode_226
           $07B4 = PAX_VM.opcode_225
           $07AB = PAX_VM.opcode_224
           $0934 = PAX_VM.opcode_278
           $093B = PAX_VM.opcode_279
           $0926 = PAX_VM.opcode_276
           $092F = PAX_VM.opcode_277
           $090D = PAX_VM.opcode_274
           $0916 = PAX_VM.opcode_275
           $08FF = PAX_VM.opcode_272
           $0906 = PAX_VM.opcode_273
           $08F2 = PAX_VM.opcode_270
           $08F8 = PAX_VM.opcode_271
           $085C = PAX_VM.opcode_249
           $0856 = PAX_VM.opcode_248
           $0840 = PAX_VM.opcode_245
           $0837 = PAX_VM.opcode_244
           $084D = PAX_VM.opcode_247
           $0846 = PAX_VM.opcode_246
           $0823 = PAX_VM.opcode_241
           $0822 = PAX_VM.opcode_240
           $0830 = PAX_VM.opcode_243
           $0829 = PAX_VM.opcode_242
           $08F1 = PAX_VM.opcode_269
           $08EA = PAX_VM.opcode_268
           $08E4 = PAX_VM.opcode_267
           $08DB = PAX_VM.opcode_266
           $08D2 = PAX_VM.opcode_264
           $08CB = PAX_VM.opcode_263
           $08C4 = PAX_VM.opcode_262
           $08B7 = PAX_VM.opcode_260
           $0690 = PAX_VM.PAX_FN_3D3D
           $0B41 = DMA_COPY
           $0958 = PAX_VM.PAX_FN_j
           $08F2 = PAX_VM.PAX_FN_i
           $0C06 = JOY_SELECT
           $066B = PAX_VM.PAX_FN_3C3E
           $0422 = PAX_VM.opcode_92
           $0429 = PAX_VM.opcode_93
           $041B = PAX_VM.opcode_90
           $041C = PAX_VM.opcode_91
           $0449 = PAX_VM.opcode_96
           $0452 = PAX_VM.opcode_97
           $0430 = PAX_VM.opcode_94
           $0439 = PAX_VM.opcode_95
           $0457 = PAX_VM.opcode_98
           $045E = PAX_VM.opcode_99
           $03E9 = PAX_VM.opcode_83
           $03E8 = PAX_VM.opcode_82
           $03E3 = PAX_VM.opcode_81
           $03DA = PAX_VM.opcode_80
           $0405 = PAX_VM.opcode_87
           $03FF = PAX_VM.opcode_86
           $03F6 = PAX_VM.opcode_85
           $03EF = PAX_VM.opcode_84
           $0415 = PAX_VM.opcode_89
           $040C = PAX_VM.opcode_88
           $02BD = PAX_VM.opcode_38
           $02C6 = PAX_VM.opcode_39
           $0297 = PAX_VM.opcode_30
           $02A0 = PAX_VM.opcode_31
           $02A6 = PAX_VM.opcode_35
           $02AF = PAX_VM.opcode_36
           $02B4 = PAX_VM.opcode_37
           $0231 = PAX_VM.opcode_18
           $023E = PAX_VM.opcode_19
           $020A = PAX_VM.opcode_13
           $01F4 = PAX_VM.opcode_10
           $01FD = PAX_VM.opcode_11
           $0222 = PAX_VM.opcode_16
           $022B = PAX_VM.opcode_17
           $0213 = PAX_VM.opcode_14
           $021C = PAX_VM.opcode_15
           $028A = PAX_VM.opcode_29
           $0284 = PAX_VM.opcode_28
           $024D = PAX_VM.opcode_21
           $0247 = PAX_VM.opcode_20
           $0256 = PAX_VM.opcode_22
           $026C = PAX_VM.opcode_25
           $0263 = PAX_VM.opcode_24
           $027B = PAX_VM.opcode_27
           $0275 = PAX_VM.opcode_26
           $03CE = PAX_VM.opcode_78
           $03D3 = PAX_VM.opcode_79
           $03A5 = PAX_VM.opcode_74
           $03AC = PAX_VM.opcode_75
           $03B5 = PAX_VM.opcode_76
           $03C5 = PAX_VM.opcode_77
           $0390 = PAX_VM.opcode_70
           $0399 = PAX_VM.opcode_71
           $039E = PAX_VM.opcode_72
           $039F = PAX_VM.opcode_73
           $0345 = PAX_VM.opcode_59
           $0332 = PAX_VM.opcode_56
           $0338 = PAX_VM.opcode_57
           $032B = PAX_VM.opcode_54
           $0331 = PAX_VM.opcode_55
           $032A = PAX_VM.opcode_53
           $031B = PAX_VM.opcode_50
           $0324 = PAX_VM.opcode_51
           $0389 = PAX_VM.opcode_69
           $0379 = PAX_VM.opcode_68
           $0363 = PAX_VM.opcode_65
           $0362 = PAX_VM.opcode_64
           $0370 = PAX_VM.opcode_67
           $0369 = PAX_VM.opcode_66
           $034C = PAX_VM.opcode_61
           $0346 = PAX_VM.opcode_60
           $035C = PAX_VM.opcode_63
           $0353 = PAX_VM.opcode_62
           $030E = PAX_VM.opcode_49
           $0308 = PAX_VM.opcode_48
           $02FF = PAX_VM.opcode_47
           $02F6 = PAX_VM.opcode_46
           $02F1 = PAX_VM.opcode_45
           $02E8 = PAX_VM.opcode_44
           $02E2 = PAX_VM.opcode_42
           $02D9 = PAX_VM.opcode_41
           $02CC = PAX_VM.opcode_40
           $01EE = PAX_VM.opcode_9
           $01E5 = PAX_VM.opcode_8
           $01BA = PAX_VM.opcode_3
           $01B1 = PAX_VM.opcode_2
           $01AC = PAX_VM.opcode_1
           $01D8 = PAX_VM.opcode_7
           $01D2 = PAX_VM.opcode_6
           $01C9 = PAX_VM.opcode_5
           $01C3 = PAX_VM.opcode_4
           $032B = PAX_VM.PAX_FN_cells
           $0C10 = JOY_START
           $074E = PAX_VM.PAX_FN_and
           $05CA = PAX_VM.PAX_FN_2B21
           $05B3 = PAX_VM.PAX_FN_12D
    SLACK: $2ED9 bytes

WRAM Bank #0:
  SECTION: $C000-$C007 ($0008 bytes) ["RAM Vars"]
           $C000 = vblank_flag
           $C004 = pax_var_last_key
           $C001 = vblank_count
           $C002 = joypad_down
           $C003 = joypad_pressed
           $C006 = pax_var_temp
    SLACK: $0FF8 bytes

WRAM Bank #1:
  EMPTY

WRAM Bank #2:
  EMPTY

WRAM Bank #3:
  EMPTY

WRAM Bank #4:
  EMPTY

WRAM Bank #5:
  EMPTY

WRAM Bank #6:
  EMPTY

WRAM Bank #7:
  EMPTY

VRAM Bank #0:
  EMPTY

VRAM Bank #1:
  EMPTY

OAM:
  EMPTY

HRAM:
  EMPTY

SRAM Bank #0:
  EMPTY

SRAM Bank #1:
  EMPTY

SRAM Bank #2:
  EMPTY

SRAM Bank #3:
  EMPTY

SRAM Bank #4:
  EMPTY

SRAM Bank #5:
  EMPTY

SRAM Bank #6:
  EMPTY

SRAM Bank #7:
  EMPTY

SRAM Bank #8:
  EMPTY

SRAM Bank #9:
  EMPTY

SRAM Bank #10:
  EMPTY

SRAM Bank #11:
  EMPTY

SRAM Bank #12:
  EMPTY

SRAM Bank #13:
  EMPTY

SRAM Bank #14:
  EMPTY

SRAM Bank #15:
  EMPTY

