ca65 V2.18 - Git N/A
Main file   : paxconsola.s
Current file: paxconsola.s

000000r 1               GFX = $0400
000000r 1               
000000r 1               ; Override Datasette ram
000000r 1               TEMP = $92
000000r 1               TEMP2 = $93
000000r 1               TEMP3 = $94
000000r 1               
000000r 1               TEMP_PAX1 = $95
000000r 1               TEMP_PAX2 = $96
000000r 1               
000000r 1               STACK_RESERVE = $97
000000r 1               
000000r 1               ; Can override all BASIC values
000000r 1               ; https://csdb.dk/forums/index.php?roomid=11&topicid=3541&showallposts=1
000000r 1               X_START = $02
000000r 1               X_END = $7f
000000r 1               
000000r 1               .code
000000r 1                   ; Make screen black and text white
000000r 1  A9 00            lda #$00
000002r 1  8D 20 D0         sta $d020
000005r 1  8D 21 D0         sta $d021
000008r 1  A9 01            lda #$01
00000Ar 1  8D 86 02         sta $0286
00000Dr 1               
00000Dr 1                   ; Select charset
00000Dr 1  A9 17            lda #23
00000Fr 1  8D 18 D0         sta $d018
000012r 1               
000012r 1                   ; Clear the screen
000012r 1  20 44 E5         jsr $e544
000015r 1               
000015r 1                   ; draw some helpful text
000015r 1  20 rr rr         jsr draw_text
000018r 1               
000018r 1  A9 00            lda #00
00001Ar 1  A2 7D            ldx #(X_END-X_START)
00001Cr 1               ClearReturnStackLoop:
00001Cr 1  95 02            sta X_START,x
00001Er 1  CA               dex
00001Fr 1  10 FB            bpl ClearReturnStackLoop
000021r 1               
000021r 1               
000021r 1               before_mainloop:
000021r 1  EA               nop
000022r 1               mainloop:
000022r 1  AD 11 D0         lda $d011
000025r 1  10 FB            bpl mainloop ; no: go to mainloop
000027r 1               
000027r 1               pax_start:
000027r 1                   ; disable inerrupts
000027r 1  78               sei
000028r 1                   ; store stack pointer, since execution might not be clean
000028r 1  BA               tsx
000029r 1  86 97            stx STACK_RESERVE
00002Br 1               
00002Br 1                   ; Set up PAX registers for execution
00002Br 1                   ; X=return stack pointer, Y = high byte of TOS, A = low byte of TOS
00002Br 1  A2 02            ldx #X_START
00002Dr 1  A9 00            lda #0
00002Fr 1  A0 00            ldy #0
000031r 1               
000031r 1                   .include "generated.asm"
000031r 2               @OPCODE_0:   ; [c64_ir] PushLiteral(95)
000031r 2  48               pha
000032r 2  98               tya
000033r 2  48               pha
000034r 2  A0 00            ldy #0
000036r 2  A9 5F            lda #95
000038r 2               
000038r 2               @OPCODE_1:   ; [c64_ir] PushLiteral(1024)
000038r 2  48               pha
000039r 2  98               tya
00003Ar 2  48               pha
00003Br 2  A0 04            ldy #4
00003Dr 2  A9 00            lda #0
00003Fr 2               
00003Fr 2               @OPCODE_2:   ; [c64_ir] PushLiteral(5)
00003Fr 2  48               pha
000040r 2  98               tya
000041r 2  48               pha
000042r 2  A0 00            ldy #0
000044r 2  A9 05            lda #5
000046r 2               
000046r 2               @OPCODE_3:   ; [c64_ir] PushLiteral(5)
000046r 2  48               pha
000047r 2  98               tya
000048r 2  48               pha
000049r 2  A0 00            ldy #0
00004Br 2  A9 05            lda #5
00004Dr 2               
00004Dr 2               @OPCODE_4:   ; [c64_ir] Add
00004Dr 2  18               clc
00004Er 2  85 92            sta TEMP
000050r 2  84 93            sty TEMP2
000052r 2  68               pla
000053r 2  85 94            sta TEMP3
000055r 2  68               pla
000056r 2  65 92            adc TEMP
000058r 2  85 92            sta TEMP
00005Ar 2  A5 93            lda TEMP2
00005Cr 2  65 94            adc TEMP3
00005Er 2  A8               tay
00005Fr 2  A5 92            lda TEMP
000061r 2               
000061r 2               @OPCODE_5:   ; [c64_ir] Add
000061r 2  18               clc
000062r 2  85 92            sta TEMP
000064r 2  84 93            sty TEMP2
000066r 2  68               pla
000067r 2  85 94            sta TEMP3
000069r 2  68               pla
00006Ar 2  65 92            adc TEMP
00006Cr 2  85 92            sta TEMP
00006Er 2  A5 93            lda TEMP2
000070r 2  65 94            adc TEMP3
000072r 2  A8               tay
000073r 2  A5 92            lda TEMP
000075r 2               
000075r 2               @OPCODE_6:   ; [c64_ir] Store8
000075r 2  85 92            sta TEMP
000077r 2  84 93            sty TEMP2
000079r 2  68               pla
00007Ar 2  68               pla
00007Br 2  A0 00            ldy #0
00007Dr 2  91 92            sta (TEMP),y
00007Fr 2  68               pla
000080r 2  A8               tay
000081r 2  68               pla
000082r 2               
000082r 2               @OPCODE_7:   ; [c64_ir] PushLiteral(95)
000082r 2  48               pha
000083r 2  98               tya
000084r 2  48               pha
000085r 2  A0 00            ldy #0
000087r 2  A9 5F            lda #95
000089r 2               
000089r 2               @OPCODE_8:   ; [c64_ir] PushLiteral(1024)
000089r 2  48               pha
00008Ar 2  98               tya
00008Br 2  48               pha
00008Cr 2  A0 04            ldy #4
00008Er 2  A9 00            lda #0
000090r 2               
000090r 2               @OPCODE_9:   ; [c64_ir] PushLiteral(6)
000090r 2  48               pha
000091r 2  98               tya
000092r 2  48               pha
000093r 2  A0 00            ldy #0
000095r 2  A9 06            lda #6
000097r 2               
000097r 2               @OPCODE_10:   ; [c64_ir] PushLiteral(65535)
000097r 2  48               pha
000098r 2  98               tya
000099r 2  48               pha
00009Ar 2  A0 FF            ldy #255
00009Cr 2  A9 FF            lda #255
00009Er 2               
00009Er 2               @OPCODE_11:   ; [c64_ir] AltPush
00009Er 2  95 00            sta $00,x
0000A0r 2  98               tya
0000A1r 2  E8               inx
0000A2r 2  95 00            sta $00,x
0000A4r 2  E8               inx
0000A5r 2  68               pla
0000A6r 2  A8               tay
0000A7r 2  68               pla
0000A8r 2               
0000A8r 2               @OPCODE_12:   ; [c64_ir] BranchTarget(0)
0000A8r 2               @target_0:
0000A8r 2               
0000A8r 2               @OPCODE_13:   ; [c64_ir] StoreTemp
0000A8r 2  85 95            sta TEMP_PAX1
0000AAr 2  84 96            sty TEMP_PAX2
0000ACr 2  68               pla
0000ADr 2  A8               tay
0000AEr 2  68               pla
0000AFr 2               
0000AFr 2               @OPCODE_14:   ; [c64_ir] LoadTemp
0000AFr 2  48               pha
0000B0r 2  98               tya
0000B1r 2  48               pha
0000B2r 2  A5 95            lda TEMP_PAX1
0000B4r 2  A4 96            ldy TEMP_PAX2
0000B6r 2               
0000B6r 2               @OPCODE_15:   ; [c64_ir] LoadTemp
0000B6r 2  48               pha
0000B7r 2  98               tya
0000B8r 2  48               pha
0000B9r 2  A5 95            lda TEMP_PAX1
0000BBr 2  A4 96            ldy TEMP_PAX2
0000BDr 2               
0000BDr 2               @OPCODE_16:   ; [c64_ir] AltPop
0000BDr 2  48               pha
0000BEr 2  98               tya
0000BFr 2  48               pha ; bump down TOS
0000C0r 2  CA               dex
0000C1r 2  B5 00            lda $00,x
0000C3r 2  A8               tay
0000C4r 2  CA               dex
0000C5r 2  B5 00            lda $00,x
0000C7r 2               
0000C7r 2               @OPCODE_17:   ; [c64_ir] Drop
0000C7r 2  68               pla
0000C8r 2  A8               tay
0000C9r 2  68               pla
0000CAr 2               
0000CAr 2               @OPCODE_18:   ; [c64_ir] Add
0000CAr 2  18               clc
0000CBr 2  85 92            sta TEMP
0000CDr 2  84 93            sty TEMP2
0000CFr 2  68               pla
0000D0r 2  85 94            sta TEMP3
0000D2r 2  68               pla
0000D3r 2  65 92            adc TEMP
0000D5r 2  85 92            sta TEMP
0000D7r 2  A5 93            lda TEMP2
0000D9r 2  65 94            adc TEMP3
0000DBr 2  A8               tay
0000DCr 2  A5 92            lda TEMP
0000DEr 2               
0000DEr 2               @OPCODE_19:   ; [c64_ir] Add
0000DEr 2  18               clc
0000DFr 2  85 92            sta TEMP
0000E1r 2  84 93            sty TEMP2
0000E3r 2  68               pla
0000E4r 2  85 94            sta TEMP3
0000E6r 2  68               pla
0000E7r 2  65 92            adc TEMP
0000E9r 2  85 92            sta TEMP
0000EBr 2  A5 93            lda TEMP2
0000EDr 2  65 94            adc TEMP3
0000EFr 2  A8               tay
0000F0r 2  A5 92            lda TEMP
0000F2r 2               
0000F2r 2               @OPCODE_20:   ; [c64_ir] Store8
0000F2r 2  85 92            sta TEMP
0000F4r 2  84 93            sty TEMP2
0000F6r 2  68               pla
0000F7r 2  68               pla
0000F8r 2  A0 00            ldy #0
0000FAr 2  91 92            sta (TEMP),y
0000FCr 2  68               pla
0000FDr 2  A8               tay
0000FEr 2  68               pla
0000FFr 2               
0000FFr 2               @OPCODE_21:   ; [c64_ir] PushLiteral(94)
0000FFr 2  48               pha
000100r 2  98               tya
000101r 2  48               pha
000102r 2  A0 00            ldy #0
000104r 2  A9 5E            lda #94
000106r 2               
000106r 2               @OPCODE_22:   ; [c64_ir] PushLiteral(1024)
000106r 2  48               pha
000107r 2  98               tya
000108r 2  48               pha
000109r 2  A0 04            ldy #4
00010Br 2  A9 00            lda #0
00010Dr 2               
00010Dr 2               @OPCODE_23:   ; [c64_ir] Store8
00010Dr 2  85 92            sta TEMP
00010Fr 2  84 93            sty TEMP2
000111r 2  68               pla
000112r 2  68               pla
000113r 2  A0 00            ldy #0
000115r 2  91 92            sta (TEMP),y
000117r 2  68               pla
000118r 2  A8               tay
000119r 2  68               pla
00011Ar 2               
00011Ar 2               @OPCODE_24:   ; [c64_ir] PushLiteral(95)
00011Ar 2  48               pha
00011Br 2  98               tya
00011Cr 2  48               pha
00011Dr 2  A0 00            ldy #0
00011Fr 2  A9 5F            lda #95
000121r 2               
000121r 2               @OPCODE_25:   ; [c64_ir] PushLiteral(1024)
000121r 2  48               pha
000122r 2  98               tya
000123r 2  48               pha
000124r 2  A0 04            ldy #4
000126r 2  A9 00            lda #0
000128r 2               
000128r 2               @OPCODE_26:   ; [c64_ir] PushLiteral(1)
000128r 2  48               pha
000129r 2  98               tya
00012Ar 2  48               pha
00012Br 2  A0 00            ldy #0
00012Dr 2  A9 01            lda #1
00012Fr 2               
00012Fr 2               @OPCODE_27:   ; [c64_ir] Add
00012Fr 2  18               clc
000130r 2  85 92            sta TEMP
000132r 2  84 93            sty TEMP2
000134r 2  68               pla
000135r 2  85 94            sta TEMP3
000137r 2  68               pla
000138r 2  65 92            adc TEMP
00013Ar 2  85 92            sta TEMP
00013Cr 2  A5 93            lda TEMP2
00013Er 2  65 94            adc TEMP3
000140r 2  A8               tay
000141r 2  A5 92            lda TEMP
000143r 2               
000143r 2               @OPCODE_28:   ; [c64_ir] Store8
000143r 2  85 92            sta TEMP
000145r 2  84 93            sty TEMP2
000147r 2  68               pla
000148r 2  68               pla
000149r 2  A0 00            ldy #0
00014Br 2  91 92            sta (TEMP),y
00014Dr 2  68               pla
00014Er 2  A8               tay
00014Fr 2  68               pla
000150r 2               
000150r 2               @OPCODE_29:   ; [c64_ir] PushLiteral(94)
000150r 2  48               pha
000151r 2  98               tya
000152r 2  48               pha
000153r 2  A0 00            ldy #0
000155r 2  A9 5E            lda #94
000157r 2               
000157r 2               @OPCODE_30:   ; [c64_ir] AltPush
000157r 2  95 00            sta $00,x
000159r 2  98               tya
00015Ar 2  E8               inx
00015Br 2  95 00            sta $00,x
00015Dr 2  E8               inx
00015Er 2  68               pla
00015Fr 2  A8               tay
000160r 2  68               pla
000161r 2               
000161r 2               @OPCODE_31:   ; [c64_ir] PushLiteral(0)
000161r 2  48               pha
000162r 2  98               tya
000163r 2  48               pha
000164r 2  A0 00            ldy #0
000166r 2  A9 00            lda #0
000168r 2               
000168r 2               @OPCODE_32:   ; [c64_ir] AltPush
000168r 2  95 00            sta $00,x
00016Ar 2  98               tya
00016Br 2  E8               inx
00016Cr 2  95 00            sta $00,x
00016Er 2  E8               inx
00016Fr 2  68               pla
000170r 2  A8               tay
000171r 2  68               pla
000172r 2               
000172r 2               @OPCODE_33:   ; [c64_ir] AltPop
000172r 2  48               pha
000173r 2  98               tya
000174r 2  48               pha ; bump down TOS
000175r 2  CA               dex
000176r 2  B5 00            lda $00,x
000178r 2  A8               tay
000179r 2  CA               dex
00017Ar 2  B5 00            lda $00,x
00017Cr 2               
00017Cr 2               @OPCODE_34:   ; [c64_ir] AltPop
00017Cr 2  48               pha
00017Dr 2  98               tya
00017Er 2  48               pha ; bump down TOS
00017Fr 2  CA               dex
000180r 2  B5 00            lda $00,x
000182r 2  A8               tay
000183r 2  CA               dex
000184r 2  B5 00            lda $00,x
000186r 2               
000186r 2               @OPCODE_35:   ; [c64_ir] PushLiteral(1024)
000186r 2  48               pha
000187r 2  98               tya
000188r 2  48               pha
000189r 2  A0 04            ldy #4
00018Br 2  A9 00            lda #0
00018Dr 2               
00018Dr 2               @OPCODE_36:   ; [c64_ir] PushLiteral(2)
00018Dr 2  48               pha
00018Er 2  98               tya
00018Fr 2  48               pha
000190r 2  A0 00            ldy #0
000192r 2  A9 02            lda #2
000194r 2               
000194r 2               @OPCODE_37:   ; [c64_ir] Add
000194r 2  18               clc
000195r 2  85 92            sta TEMP
000197r 2  84 93            sty TEMP2
000199r 2  68               pla
00019Ar 2  85 94            sta TEMP3
00019Cr 2  68               pla
00019Dr 2  65 92            adc TEMP
00019Fr 2  85 92            sta TEMP
0001A1r 2  A5 93            lda TEMP2
0001A3r 2  65 94            adc TEMP3
0001A5r 2  A8               tay
0001A6r 2  A5 92            lda TEMP
0001A8r 2               
0001A8r 2               @OPCODE_38:   ; [c64_ir] Store8
0001A8r 2  85 92            sta TEMP
0001AAr 2  84 93            sty TEMP2
0001ACr 2  68               pla
0001ADr 2  68               pla
0001AEr 2  A0 00            ldy #0
0001B0r 2  91 92            sta (TEMP),y
0001B2r 2  68               pla
0001B3r 2  A8               tay
0001B4r 2  68               pla
0001B5r 2               
0001B5r 2               @OPCODE_39:   ; [c64_ir] PushLiteral(65535)
0001B5r 2  48               pha
0001B6r 2  98               tya
0001B7r 2  48               pha
0001B8r 2  A0 FF            ldy #255
0001BAr 2  A9 FF            lda #255
0001BCr 2               
0001BCr 2               @OPCODE_40:   ; [c64_ir] AltPush
0001BCr 2  95 00            sta $00,x
0001BEr 2  98               tya
0001BFr 2  E8               inx
0001C0r 2  95 00            sta $00,x
0001C2r 2  E8               inx
0001C3r 2  68               pla
0001C4r 2  A8               tay
0001C5r 2  68               pla
0001C6r 2               
0001C6r 2               @OPCODE_41:   ; [c64_ir] BranchTarget(1)
0001C6r 2               @target_1:
0001C6r 2               
0001C6r 2               @OPCODE_42:   ; [c64_ir] Drop
0001C6r 2  68               pla
0001C7r 2  A8               tay
0001C8r 2  68               pla
0001C9r 2               
0001C9r 2               @OPCODE_43:   ; [c64_ir] AltPop
0001C9r 2  48               pha
0001CAr 2  98               tya
0001CBr 2  48               pha ; bump down TOS
0001CCr 2  CA               dex
0001CDr 2  B5 00            lda $00,x
0001CFr 2  A8               tay
0001D0r 2  CA               dex
0001D1r 2  B5 00            lda $00,x
0001D3r 2               
0001D3r 2               @OPCODE_44:   ; [c64_ir] Drop
0001D3r 2  68               pla
0001D4r 2  A8               tay
0001D5r 2  68               pla
0001D6r 2               
0001D6r 2               @OPCODE_45:   ; [c64_ir] PushLiteral(95)
0001D6r 2  48               pha
0001D7r 2  98               tya
0001D8r 2  48               pha
0001D9r 2  A0 00            ldy #0
0001DBr 2  A9 5F            lda #95
0001DDr 2               
0001DDr 2               @OPCODE_46:   ; [c64_ir] PushLiteral(1024)
0001DDr 2  48               pha
0001DEr 2  98               tya
0001DFr 2  48               pha
0001E0r 2  A0 04            ldy #4
0001E2r 2  A9 00            lda #0
0001E4r 2               
0001E4r 2               @OPCODE_47:   ; [c64_ir] PushLiteral(65535)
0001E4r 2  48               pha
0001E5r 2  98               tya
0001E6r 2  48               pha
0001E7r 2  A0 FF            ldy #255
0001E9r 2  A9 FF            lda #255
0001EBr 2               
0001EBr 2               @OPCODE_48:   ; [c64_ir] PushLiteral(65532)
0001EBr 2  48               pha
0001ECr 2  98               tya
0001EDr 2  48               pha
0001EEr 2  A0 FF            ldy #255
0001F0r 2  A9 FC            lda #252
0001F2r 2               
0001F2r 2               @OPCODE_49:   ; [c64_ir] Nand
0001F2r 2  84 92            sty TEMP
0001F4r 2  85 93            sta TEMP2
0001F6r 2  68               pla
0001F7r 2  25 92            and TEMP
0001F9r 2  49 FF            eor #$ff
0001FBr 2  A8               tay
0001FCr 2  68               pla
0001FDr 2  25 93            and TEMP2
0001FFr 2  49 FF            eor #$ff
000201r 2               
000201r 2               @OPCODE_50:   ; [c64_ir] Add
000201r 2  18               clc
000202r 2  85 92            sta TEMP
000204r 2  84 93            sty TEMP2
000206r 2  68               pla
000207r 2  85 94            sta TEMP3
000209r 2  68               pla
00020Ar 2  65 92            adc TEMP
00020Cr 2  85 92            sta TEMP
00020Er 2  A5 93            lda TEMP2
000210r 2  65 94            adc TEMP3
000212r 2  A8               tay
000213r 2  A5 92            lda TEMP
000215r 2               
000215r 2               @OPCODE_51:   ; [c64_ir] Store8
000215r 2  85 92            sta TEMP
000217r 2  84 93            sty TEMP2
000219r 2  68               pla
00021Ar 2  68               pla
00021Br 2  A0 00            ldy #0
00021Dr 2  91 92            sta (TEMP),y
00021Fr 2  68               pla
000220r 2  A8               tay
000221r 2  68               pla
000222r 2               
000222r 2               @OPCODE_52:   ; [c64_ir] PushLiteral(1)
000222r 2  48               pha
000223r 2  98               tya
000224r 2  48               pha
000225r 2  A0 00            ldy #0
000227r 2  A9 01            lda #1
000229r 2               
000229r 2               @OPCODE_53:   ; [c64_ir] JumpIf0(4)
000229r 2  85 92            sta TEMP
00022Br 2               
00022Br 2  68               pla
00022Cr 2  A8               tay
00022Dr 2  68               pla
00022Er 2               
00022Er 2  85 93            sta TEMP2
000230r 2  A9 00            lda #0
000232r 2  C5 92            cmp TEMP
000234r 2  D0 05            bne *+7
000236r 2  A5 93            lda TEMP2
000238r 2  4C rr rr         jmp @target_4
00023Br 2               
00023Br 2  A5 93            lda TEMP2
00023Dr 2               
00023Dr 2               @OPCODE_54:   ; [c64_ir] PushLiteral(94)
00023Dr 2  48               pha
00023Er 2  98               tya
00023Fr 2  48               pha
000240r 2  A0 00            ldy #0
000242r 2  A9 5E            lda #94
000244r 2               
000244r 2               @OPCODE_55:   ; [c64_ir] PushLiteral(1024)
000244r 2  48               pha
000245r 2  98               tya
000246r 2  48               pha
000247r 2  A0 04            ldy #4
000249r 2  A9 00            lda #0
00024Br 2               
00024Br 2               @OPCODE_56:   ; [c64_ir] PushLiteral(4)
00024Br 2  48               pha
00024Cr 2  98               tya
00024Dr 2  48               pha
00024Er 2  A0 00            ldy #0
000250r 2  A9 04            lda #4
000252r 2               
000252r 2               @OPCODE_57:   ; [c64_ir] Add
000252r 2  18               clc
000253r 2  85 92            sta TEMP
000255r 2  84 93            sty TEMP2
000257r 2  68               pla
000258r 2  85 94            sta TEMP3
00025Ar 2  68               pla
00025Br 2  65 92            adc TEMP
00025Dr 2  85 92            sta TEMP
00025Fr 2  A5 93            lda TEMP2
000261r 2  65 94            adc TEMP3
000263r 2  A8               tay
000264r 2  A5 92            lda TEMP
000266r 2               
000266r 2               @OPCODE_58:   ; [c64_ir] Store8
000266r 2  85 92            sta TEMP
000268r 2  84 93            sty TEMP2
00026Ar 2  68               pla
00026Br 2  68               pla
00026Cr 2  A0 00            ldy #0
00026Er 2  91 92            sta (TEMP),y
000270r 2  68               pla
000271r 2  A8               tay
000272r 2  68               pla
000273r 2               
000273r 2               @OPCODE_59:   ; [c64_ir] JumpAlways(5)
000273r 2  4C rr rr         jmp @target_5
000276r 2               
000276r 2               @OPCODE_60:   ; [c64_ir] BranchTarget(4)
000276r 2               @target_4:
000276r 2               
000276r 2               @OPCODE_61:   ; [c64_ir] PushLiteral(94)
000276r 2  48               pha
000277r 2  98               tya
000278r 2  48               pha
000279r 2  A0 00            ldy #0
00027Br 2  A9 5E            lda #94
00027Dr 2               
00027Dr 2               @OPCODE_62:   ; [c64_ir] PushLiteral(1024)
00027Dr 2  48               pha
00027Er 2  98               tya
00027Fr 2  48               pha
000280r 2  A0 04            ldy #4
000282r 2  A9 00            lda #0
000284r 2               
000284r 2               @OPCODE_63:   ; [c64_ir] PushLiteral(44)
000284r 2  48               pha
000285r 2  98               tya
000286r 2  48               pha
000287r 2  A0 00            ldy #0
000289r 2  A9 2C            lda #44
00028Br 2               
00028Br 2               @OPCODE_64:   ; [c64_ir] Add
00028Br 2  18               clc
00028Cr 2  85 92            sta TEMP
00028Er 2  84 93            sty TEMP2
000290r 2  68               pla
000291r 2  85 94            sta TEMP3
000293r 2  68               pla
000294r 2  65 92            adc TEMP
000296r 2  85 92            sta TEMP
000298r 2  A5 93            lda TEMP2
00029Ar 2  65 94            adc TEMP3
00029Cr 2  A8               tay
00029Dr 2  A5 92            lda TEMP
00029Fr 2               
00029Fr 2               @OPCODE_65:   ; [c64_ir] Store8
00029Fr 2  85 92            sta TEMP
0002A1r 2  84 93            sty TEMP2
0002A3r 2  68               pla
0002A4r 2  68               pla
0002A5r 2  A0 00            ldy #0
0002A7r 2  91 92            sta (TEMP),y
0002A9r 2  68               pla
0002AAr 2  A8               tay
0002ABr 2  68               pla
0002ACr 2               
0002ACr 2               @OPCODE_66:   ; [c64_ir] BranchTarget(5)
0002ACr 2               @target_5:
0002ACr 2               
0002ACr 2               @OPCODE_67:   ; [c64_ir] PushLiteral(65535)
0002ACr 2  48               pha
0002ADr 2  98               tya
0002AEr 2  48               pha
0002AFr 2  A0 FF            ldy #255
0002B1r 2  A9 FF            lda #255
0002B3r 2               
0002B3r 2               @OPCODE_68:   ; [c64_ir] PushLiteral(1)
0002B3r 2  48               pha
0002B4r 2  98               tya
0002B5r 2  48               pha
0002B6r 2  A0 00            ldy #0
0002B8r 2  A9 01            lda #1
0002BAr 2               
0002BAr 2               @OPCODE_69:   ; [c64_ir] Add
0002BAr 2  18               clc
0002BBr 2  85 92            sta TEMP
0002BDr 2  84 93            sty TEMP2
0002BFr 2  68               pla
0002C0r 2  85 94            sta TEMP3
0002C2r 2  68               pla
0002C3r 2  65 92            adc TEMP
0002C5r 2  85 92            sta TEMP
0002C7r 2  A5 93            lda TEMP2
0002C9r 2  65 94            adc TEMP3
0002CBr 2  A8               tay
0002CCr 2  A5 92            lda TEMP
0002CEr 2               
0002CEr 2               @OPCODE_70:   ; [c64_ir] JumpIf0(8)
0002CEr 2  85 92            sta TEMP
0002D0r 2               
0002D0r 2  68               pla
0002D1r 2  A8               tay
0002D2r 2  68               pla
0002D3r 2               
0002D3r 2  85 93            sta TEMP2
0002D5r 2  A9 00            lda #0
0002D7r 2  C5 92            cmp TEMP
0002D9r 2  D0 05            bne *+7
0002DBr 2  A5 93            lda TEMP2
0002DDr 2  4C rr rr         jmp @target_8
0002E0r 2               
0002E0r 2  A5 93            lda TEMP2
0002E2r 2               
0002E2r 2               @OPCODE_71:   ; [c64_ir] PushLiteral(95)
0002E2r 2  48               pha
0002E3r 2  98               tya
0002E4r 2  48               pha
0002E5r 2  A0 00            ldy #0
0002E7r 2  A9 5F            lda #95
0002E9r 2               
0002E9r 2               @OPCODE_72:   ; [c64_ir] PushLiteral(1024)
0002E9r 2  48               pha
0002EAr 2  98               tya
0002EBr 2  48               pha
0002ECr 2  A0 04            ldy #4
0002EEr 2  A9 00            lda #0
0002F0r 2               
0002F0r 2               @OPCODE_73:   ; [c64_ir] PushLiteral(45)
0002F0r 2  48               pha
0002F1r 2  98               tya
0002F2r 2  48               pha
0002F3r 2  A0 00            ldy #0
0002F5r 2  A9 2D            lda #45
0002F7r 2               
0002F7r 2               @OPCODE_74:   ; [c64_ir] Add
0002F7r 2  18               clc
0002F8r 2  85 92            sta TEMP
0002FAr 2  84 93            sty TEMP2
0002FCr 2  68               pla
0002FDr 2  85 94            sta TEMP3
0002FFr 2  68               pla
000300r 2  65 92            adc TEMP
000302r 2  85 92            sta TEMP
000304r 2  A5 93            lda TEMP2
000306r 2  65 94            adc TEMP3
000308r 2  A8               tay
000309r 2  A5 92            lda TEMP
00030Br 2               
00030Br 2               @OPCODE_75:   ; [c64_ir] Store8
00030Br 2  85 92            sta TEMP
00030Dr 2  84 93            sty TEMP2
00030Fr 2  68               pla
000310r 2  68               pla
000311r 2  A0 00            ldy #0
000313r 2  91 92            sta (TEMP),y
000315r 2  68               pla
000316r 2  A8               tay
000317r 2  68               pla
000318r 2               
000318r 2               @OPCODE_76:   ; [c64_ir] JumpAlways(9)
000318r 2  4C rr rr         jmp @target_9
00031Br 2               
00031Br 2               @OPCODE_77:   ; [c64_ir] BranchTarget(8)
00031Br 2               @target_8:
00031Br 2               
00031Br 2               @OPCODE_78:   ; [c64_ir] PushLiteral(95)
00031Br 2  48               pha
00031Cr 2  98               tya
00031Dr 2  48               pha
00031Er 2  A0 00            ldy #0
000320r 2  A9 5F            lda #95
000322r 2               
000322r 2               @OPCODE_79:   ; [c64_ir] PushLiteral(1024)
000322r 2  48               pha
000323r 2  98               tya
000324r 2  48               pha
000325r 2  A0 04            ldy #4
000327r 2  A9 00            lda #0
000329r 2               
000329r 2               @OPCODE_80:   ; [c64_ir] PushLiteral(5)
000329r 2  48               pha
00032Ar 2  98               tya
00032Br 2  48               pha
00032Cr 2  A0 00            ldy #0
00032Er 2  A9 05            lda #5
000330r 2               
000330r 2               @OPCODE_81:   ; [c64_ir] Add
000330r 2  18               clc
000331r 2  85 92            sta TEMP
000333r 2  84 93            sty TEMP2
000335r 2  68               pla
000336r 2  85 94            sta TEMP3
000338r 2  68               pla
000339r 2  65 92            adc TEMP
00033Br 2  85 92            sta TEMP
00033Dr 2  A5 93            lda TEMP2
00033Fr 2  65 94            adc TEMP3
000341r 2  A8               tay
000342r 2  A5 92            lda TEMP
000344r 2               
000344r 2               @OPCODE_82:   ; [c64_ir] Store8
000344r 2  85 92            sta TEMP
000346r 2  84 93            sty TEMP2
000348r 2  68               pla
000349r 2  68               pla
00034Ar 2  A0 00            ldy #0
00034Cr 2  91 92            sta (TEMP),y
00034Er 2  68               pla
00034Fr 2  A8               tay
000350r 2  68               pla
000351r 2               
000351r 2               @OPCODE_83:   ; [c64_ir] BranchTarget(9)
000351r 2               @target_9:
000351r 2               
000351r 2               @OPCODE_84:   ; [c64_ir] PushLiteral(5)
000351r 2  48               pha
000352r 2  98               tya
000353r 2  48               pha
000354r 2  A0 00            ldy #0
000356r 2  A9 05            lda #5
000358r 2               
000358r 2               @OPCODE_85:   ; [c64_ir] PushLiteral(5)
000358r 2  48               pha
000359r 2  98               tya
00035Ar 2  48               pha
00035Br 2  A0 00            ldy #0
00035Dr 2  A9 05            lda #5
00035Fr 2               
00035Fr 2               @OPCODE_86:   ; [c64_ir] PushLiteral(65535)
00035Fr 2  48               pha
000360r 2  98               tya
000361r 2  48               pha
000362r 2  A0 FF            ldy #255
000364r 2  A9 FF            lda #255
000366r 2               
000366r 2               @OPCODE_87:   ; [c64_ir] AltPush
000366r 2  95 00            sta $00,x
000368r 2  98               tya
000369r 2  E8               inx
00036Ar 2  95 00            sta $00,x
00036Cr 2  E8               inx
00036Dr 2  68               pla
00036Er 2  A8               tay
00036Fr 2  68               pla
000370r 2               
000370r 2               @OPCODE_88:   ; [c64_ir] BranchTarget(10)
000370r 2               @target_10:
000370r 2               
000370r 2               @OPCODE_89:   ; [c64_ir] PushLiteral(65535)
000370r 2  48               pha
000371r 2  98               tya
000372r 2  48               pha
000373r 2  A0 FF            ldy #255
000375r 2  A9 FF            lda #255
000377r 2               
000377r 2               @OPCODE_90:   ; [c64_ir] AltPush
000377r 2  95 00            sta $00,x
000379r 2  98               tya
00037Ar 2  E8               inx
00037Br 2  95 00            sta $00,x
00037Dr 2  E8               inx
00037Er 2  68               pla
00037Fr 2  A8               tay
000380r 2  68               pla
000381r 2               
000381r 2               @OPCODE_91:   ; [c64_ir] BranchTarget(11)
000381r 2               @target_11:
000381r 2               
000381r 2               @OPCODE_92:   ; [c64_ir] PushLiteral(65535)
000381r 2  48               pha
000382r 2  98               tya
000383r 2  48               pha
000384r 2  A0 FF            ldy #255
000386r 2  A9 FF            lda #255
000388r 2               
000388r 2               @OPCODE_93:   ; [c64_ir] AltPush
000388r 2  95 00            sta $00,x
00038Ar 2  98               tya
00038Br 2  E8               inx
00038Cr 2  95 00            sta $00,x
00038Er 2  E8               inx
00038Fr 2  68               pla
000390r 2  A8               tay
000391r 2  68               pla
000392r 2               
000392r 2               @OPCODE_94:   ; [c64_ir] BranchTarget(12)
000392r 2               @target_12:
000392r 2               
000392r 2               @OPCODE_95:   ; [c64_ir] PushLiteral(-1)
000392r 2  48               pha
000393r 2  98               tya
000394r 2  48               pha
000395r 2  A0 FF            ldy #255
000397r 2  A9 FF            lda #255
000399r 2               
000399r 2               @OPCODE_96:   ; [c64_ir] Nand
000399r 2  84 92            sty TEMP
00039Br 2  85 93            sta TEMP2
00039Dr 2  68               pla
00039Er 2  25 92            and TEMP
0003A0r 2  49 FF            eor #$ff
0003A2r 2  A8               tay
0003A3r 2  68               pla
0003A4r 2  25 93            and TEMP2
0003A6r 2  49 FF            eor #$ff
0003A8r 2               
0003A8r 2               @OPCODE_97:   ; [c64_ir] AltPop
0003A8r 2  48               pha
0003A9r 2  98               tya
0003AAr 2  48               pha ; bump down TOS
0003ABr 2  CA               dex
0003ACr 2  B5 00            lda $00,x
0003AEr 2  A8               tay
0003AFr 2  CA               dex
0003B0r 2  B5 00            lda $00,x
0003B2r 2               
0003B2r 2               @OPCODE_98:   ; [c64_ir] Drop
0003B2r 2  68               pla
0003B3r 2  A8               tay
0003B4r 2  68               pla
0003B5r 2               
0003B5r 2               @OPCODE_99:   ; [c64_ir] PushLiteral(1)
0003B5r 2  48               pha
0003B6r 2  98               tya
0003B7r 2  48               pha
0003B8r 2  A0 00            ldy #0
0003BAr 2  A9 01            lda #1
0003BCr 2               
0003BCr 2               @OPCODE_100:   ; [c64_ir] Add
0003BCr 2  18               clc
0003BDr 2  85 92            sta TEMP
0003BFr 2  84 93            sty TEMP2
0003C1r 2  68               pla
0003C2r 2  85 94            sta TEMP3
0003C4r 2  68               pla
0003C5r 2  65 92            adc TEMP
0003C7r 2  85 92            sta TEMP
0003C9r 2  A5 93            lda TEMP2
0003CBr 2  65 94            adc TEMP3
0003CDr 2  A8               tay
0003CEr 2  A5 92            lda TEMP
0003D0r 2               
0003D0r 2               @OPCODE_101:   ; [c64_ir] AltPop
0003D0r 2  48               pha
0003D1r 2  98               tya
0003D2r 2  48               pha ; bump down TOS
0003D3r 2  CA               dex
0003D4r 2  B5 00            lda $00,x
0003D6r 2  A8               tay
0003D7r 2  CA               dex
0003D8r 2  B5 00            lda $00,x
0003DAr 2               
0003DAr 2               @OPCODE_102:   ; [c64_ir] Drop
0003DAr 2  68               pla
0003DBr 2  A8               tay
0003DCr 2  68               pla
0003DDr 2               
0003DDr 2               @OPCODE_103:   ; [c64_ir] Add
0003DDr 2  18               clc
0003DEr 2  85 92            sta TEMP
0003E0r 2  84 93            sty TEMP2
0003E2r 2  68               pla
0003E3r 2  85 94            sta TEMP3
0003E5r 2  68               pla
0003E6r 2  65 92            adc TEMP
0003E8r 2  85 92            sta TEMP
0003EAr 2  A5 93            lda TEMP2
0003ECr 2  65 94            adc TEMP3
0003EEr 2  A8               tay
0003EFr 2  A5 92            lda TEMP
0003F1r 2               
0003F1r 2               @OPCODE_104:   ; [c64_ir] AltPop
0003F1r 2  48               pha
0003F2r 2  98               tya
0003F3r 2  48               pha ; bump down TOS
0003F4r 2  CA               dex
0003F5r 2  B5 00            lda $00,x
0003F7r 2  A8               tay
0003F8r 2  CA               dex
0003F9r 2  B5 00            lda $00,x
0003FBr 2               
0003FBr 2               @OPCODE_105:   ; [c64_ir] Drop
0003FBr 2  68               pla
0003FCr 2  A8               tay
0003FDr 2  68               pla
0003FEr 2               
0003FEr 2               @OPCODE_106:   ; [c64_ir] JumpIf0(15)
0003FEr 2  85 92            sta TEMP
000400r 2               
000400r 2  68               pla
000401r 2  A8               tay
000402r 2  68               pla
000403r 2               
000403r 2  85 93            sta TEMP2
000405r 2  A9 00            lda #0
000407r 2  C5 92            cmp TEMP
000409r 2  D0 05            bne *+7
00040Br 2  A5 93            lda TEMP2
00040Dr 2  4C rr rr         jmp @target_15
000410r 2               
000410r 2  A5 93            lda TEMP2
000412r 2               
000412r 2               @OPCODE_107:   ; [c64_ir] PushLiteral(94)
000412r 2  48               pha
000413r 2  98               tya
000414r 2  48               pha
000415r 2  A0 00            ldy #0
000417r 2  A9 5E            lda #94
000419r 2               
000419r 2               @OPCODE_108:   ; [c64_ir] PushLiteral(1024)
000419r 2  48               pha
00041Ar 2  98               tya
00041Br 2  48               pha
00041Cr 2  A0 04            ldy #4
00041Er 2  A9 00            lda #0
000420r 2               
000420r 2               @OPCODE_109:   ; [c64_ir] PushLiteral(46)
000420r 2  48               pha
000421r 2  98               tya
000422r 2  48               pha
000423r 2  A0 00            ldy #0
000425r 2  A9 2E            lda #46
000427r 2               
000427r 2               @OPCODE_110:   ; [c64_ir] Add
000427r 2  18               clc
000428r 2  85 92            sta TEMP
00042Ar 2  84 93            sty TEMP2
00042Cr 2  68               pla
00042Dr 2  85 94            sta TEMP3
00042Fr 2  68               pla
000430r 2  65 92            adc TEMP
000432r 2  85 92            sta TEMP
000434r 2  A5 93            lda TEMP2
000436r 2  65 94            adc TEMP3
000438r 2  A8               tay
000439r 2  A5 92            lda TEMP
00043Br 2               
00043Br 2               @OPCODE_111:   ; [c64_ir] Store8
00043Br 2  85 92            sta TEMP
00043Dr 2  84 93            sty TEMP2
00043Fr 2  68               pla
000440r 2  68               pla
000441r 2  A0 00            ldy #0
000443r 2  91 92            sta (TEMP),y
000445r 2  68               pla
000446r 2  A8               tay
000447r 2  68               pla
000448r 2               
000448r 2               @OPCODE_112:   ; [c64_ir] JumpAlways(16)
000448r 2  4C rr rr         jmp @target_16
00044Br 2               
00044Br 2               @OPCODE_113:   ; [c64_ir] BranchTarget(15)
00044Br 2               @target_15:
00044Br 2               
00044Br 2               @OPCODE_114:   ; [c64_ir] PushLiteral(94)
00044Br 2  48               pha
00044Cr 2  98               tya
00044Dr 2  48               pha
00044Er 2  A0 00            ldy #0
000450r 2  A9 5E            lda #94
000452r 2               
000452r 2               @OPCODE_115:   ; [c64_ir] PushLiteral(1024)
000452r 2  48               pha
000453r 2  98               tya
000454r 2  48               pha
000455r 2  A0 04            ldy #4
000457r 2  A9 00            lda #0
000459r 2               
000459r 2               @OPCODE_116:   ; [c64_ir] PushLiteral(6)
000459r 2  48               pha
00045Ar 2  98               tya
00045Br 2  48               pha
00045Cr 2  A0 00            ldy #0
00045Er 2  A9 06            lda #6
000460r 2               
000460r 2               @OPCODE_117:   ; [c64_ir] Add
000460r 2  18               clc
000461r 2  85 92            sta TEMP
000463r 2  84 93            sty TEMP2
000465r 2  68               pla
000466r 2  85 94            sta TEMP3
000468r 2  68               pla
000469r 2  65 92            adc TEMP
00046Br 2  85 92            sta TEMP
00046Dr 2  A5 93            lda TEMP2
00046Fr 2  65 94            adc TEMP3
000471r 2  A8               tay
000472r 2  A5 92            lda TEMP
000474r 2               
000474r 2               @OPCODE_118:   ; [c64_ir] Store8
000474r 2  85 92            sta TEMP
000476r 2  84 93            sty TEMP2
000478r 2  68               pla
000479r 2  68               pla
00047Ar 2  A0 00            ldy #0
00047Cr 2  91 92            sta (TEMP),y
00047Er 2  68               pla
00047Fr 2  A8               tay
000480r 2  68               pla
000481r 2               
000481r 2               @OPCODE_119:   ; [c64_ir] BranchTarget(16)
000481r 2               @target_16:
000481r 2               
000481r 2               @OPCODE_120:   ; [c64_ir] PushLiteral(45)
000481r 2  48               pha
000482r 2  98               tya
000483r 2  48               pha
000484r 2  A0 00            ldy #0
000486r 2  A9 2D            lda #45
000488r 2               
000488r 2               @OPCODE_121:   ; [c64_ir] PushLiteral(40)
000488r 2  48               pha
000489r 2  98               tya
00048Ar 2  48               pha
00048Br 2  A0 00            ldy #0
00048Dr 2  A9 28            lda #40
00048Fr 2               
00048Fr 2               @OPCODE_122:   ; [c64_ir] AltPush
00048Fr 2  95 00            sta $00,x
000491r 2  98               tya
000492r 2  E8               inx
000493r 2  95 00            sta $00,x
000495r 2  E8               inx
000496r 2  68               pla
000497r 2  A8               tay
000498r 2  68               pla
000499r 2               
000499r 2               @OPCODE_123:   ; [c64_ir] AltPush
000499r 2  95 00            sta $00,x
00049Br 2  98               tya
00049Cr 2  E8               inx
00049Dr 2  95 00            sta $00,x
00049Fr 2  E8               inx
0004A0r 2  68               pla
0004A1r 2  A8               tay
0004A2r 2  68               pla
0004A3r 2               
0004A3r 2               @OPCODE_124:   ; [c64_ir] BranchTarget(17)
0004A3r 2               @target_17:
0004A3r 2               
0004A3r 2               @OPCODE_125:   ; [c64_ir] PushLiteral(95)
0004A3r 2  48               pha
0004A4r 2  98               tya
0004A5r 2  48               pha
0004A6r 2  A0 00            ldy #0
0004A8r 2  A9 5F            lda #95
0004AAr 2               
0004AAr 2               @OPCODE_126:   ; [c64_ir] PushLiteral(65535)
0004AAr 2  48               pha
0004ABr 2  98               tya
0004ACr 2  48               pha
0004ADr 2  A0 FF            ldy #255
0004AFr 2  A9 FF            lda #255
0004B1r 2               
0004B1r 2               @OPCODE_127:   ; [c64_ir] AltPush
0004B1r 2  95 00            sta $00,x
0004B3r 2  98               tya
0004B4r 2  E8               inx
0004B5r 2  95 00            sta $00,x
0004B7r 2  E8               inx
0004B8r 2  68               pla
0004B9r 2  A8               tay
0004BAr 2  68               pla
0004BBr 2               
0004BBr 2               @OPCODE_128:   ; [c64_ir] BranchTarget(18)
0004BBr 2               @target_18:
0004BBr 2               
0004BBr 2               @OPCODE_129:   ; [c64_ir] AltPop
0004BBr 2  48               pha
0004BCr 2  98               tya
0004BDr 2  48               pha ; bump down TOS
0004BEr 2  CA               dex
0004BFr 2  B5 00            lda $00,x
0004C1r 2  A8               tay
0004C2r 2  CA               dex
0004C3r 2  B5 00            lda $00,x
0004C5r 2               
0004C5r 2               @OPCODE_130:   ; [c64_ir] AltPop
0004C5r 2  48               pha
0004C6r 2  98               tya
0004C7r 2  48               pha ; bump down TOS
0004C8r 2  CA               dex
0004C9r 2  B5 00            lda $00,x
0004CBr 2  A8               tay
0004CCr 2  CA               dex
0004CDr 2  B5 00            lda $00,x
0004CFr 2               
0004CFr 2               @OPCODE_131:   ; [c64_ir] AltPop
0004CFr 2  48               pha
0004D0r 2  98               tya
0004D1r 2  48               pha ; bump down TOS
0004D2r 2  CA               dex
0004D3r 2  B5 00            lda $00,x
0004D5r 2  A8               tay
0004D6r 2  CA               dex
0004D7r 2  B5 00            lda $00,x
0004D9r 2               
0004D9r 2               @OPCODE_132:   ; [c64_ir] StoreTemp
0004D9r 2  85 95            sta TEMP_PAX1
0004DBr 2  84 96            sty TEMP_PAX2
0004DDr 2  68               pla
0004DEr 2  A8               tay
0004DFr 2  68               pla
0004E0r 2               
0004E0r 2               @OPCODE_133:   ; [c64_ir] LoadTemp
0004E0r 2  48               pha
0004E1r 2  98               tya
0004E2r 2  48               pha
0004E3r 2  A5 95            lda TEMP_PAX1
0004E5r 2  A4 96            ldy TEMP_PAX2
0004E7r 2               
0004E7r 2               @OPCODE_134:   ; [c64_ir] AltPush
0004E7r 2  95 00            sta $00,x
0004E9r 2  98               tya
0004EAr 2  E8               inx
0004EBr 2  95 00            sta $00,x
0004EDr 2  E8               inx
0004EEr 2  68               pla
0004EFr 2  A8               tay
0004F0r 2  68               pla
0004F1r 2               
0004F1r 2               @OPCODE_135:   ; [c64_ir] AltPush
0004F1r 2  95 00            sta $00,x
0004F3r 2  98               tya
0004F4r 2  E8               inx
0004F5r 2  95 00            sta $00,x
0004F7r 2  E8               inx
0004F8r 2  68               pla
0004F9r 2  A8               tay
0004FAr 2  68               pla
0004FBr 2               
0004FBr 2               @OPCODE_136:   ; [c64_ir] AltPush
0004FBr 2  95 00            sta $00,x
0004FDr 2  98               tya
0004FEr 2  E8               inx
0004FFr 2  95 00            sta $00,x
000501r 2  E8               inx
000502r 2  68               pla
000503r 2  A8               tay
000504r 2  68               pla
000505r 2               
000505r 2               @OPCODE_137:   ; [c64_ir] LoadTemp
000505r 2  48               pha
000506r 2  98               tya
000507r 2  48               pha
000508r 2  A5 95            lda TEMP_PAX1
00050Ar 2  A4 96            ldy TEMP_PAX2
00050Cr 2               
00050Cr 2               @OPCODE_138:   ; [c64_ir] AltPop
00050Cr 2  48               pha
00050Dr 2  98               tya
00050Er 2  48               pha ; bump down TOS
00050Fr 2  CA               dex
000510r 2  B5 00            lda $00,x
000512r 2  A8               tay
000513r 2  CA               dex
000514r 2  B5 00            lda $00,x
000516r 2               
000516r 2               @OPCODE_139:   ; [c64_ir] Drop
000516r 2  68               pla
000517r 2  A8               tay
000518r 2  68               pla
000519r 2               
000519r 2               @OPCODE_140:   ; [c64_ir] PushLiteral(1024)
000519r 2  48               pha
00051Ar 2  98               tya
00051Br 2  48               pha
00051Cr 2  A0 04            ldy #4
00051Er 2  A9 00            lda #0
000520r 2               
000520r 2               @OPCODE_141:   ; [c64_ir] Add
000520r 2  18               clc
000521r 2  85 92            sta TEMP
000523r 2  84 93            sty TEMP2
000525r 2  68               pla
000526r 2  85 94            sta TEMP3
000528r 2  68               pla
000529r 2  65 92            adc TEMP
00052Br 2  85 92            sta TEMP
00052Dr 2  A5 93            lda TEMP2
00052Fr 2  65 94            adc TEMP3
000531r 2  A8               tay
000532r 2  A5 92            lda TEMP
000534r 2               
000534r 2               @OPCODE_142:   ; [c64_ir] Store8
000534r 2  85 92            sta TEMP
000536r 2  84 93            sty TEMP2
000538r 2  68               pla
000539r 2  68               pla
00053Ar 2  A0 00            ldy #0
00053Cr 2  91 92            sta (TEMP),y
00053Er 2  68               pla
00053Fr 2  A8               tay
000540r 2  68               pla
000541r 2               
000541r 2               @OPCODE_143:   ; [c64_ir] PushLiteral(65535)
000541r 2  48               pha
000542r 2  98               tya
000543r 2  48               pha
000544r 2  A0 FF            ldy #255
000546r 2  A9 FF            lda #255
000548r 2               
000548r 2               @OPCODE_144:   ; [c64_ir] AltPush
000548r 2  95 00            sta $00,x
00054Ar 2  98               tya
00054Br 2  E8               inx
00054Cr 2  95 00            sta $00,x
00054Er 2  E8               inx
00054Fr 2  68               pla
000550r 2  A8               tay
000551r 2  68               pla
000552r 2               
000552r 2               @OPCODE_145:   ; [c64_ir] BranchTarget(19)
000552r 2               @target_19:
000552r 2               
000552r 2               @OPCODE_146:   ; [c64_ir] AltPop
000552r 2  48               pha
000553r 2  98               tya
000554r 2  48               pha ; bump down TOS
000555r 2  CA               dex
000556r 2  B5 00            lda $00,x
000558r 2  A8               tay
000559r 2  CA               dex
00055Ar 2  B5 00            lda $00,x
00055Cr 2               
00055Cr 2               @OPCODE_147:   ; [c64_ir] AltPop
00055Cr 2  48               pha
00055Dr 2  98               tya
00055Er 2  48               pha ; bump down TOS
00055Fr 2  CA               dex
000560r 2  B5 00            lda $00,x
000562r 2  A8               tay
000563r 2  CA               dex
000564r 2  B5 00            lda $00,x
000566r 2               
000566r 2               @OPCODE_148:   ; [c64_ir] AltPop
000566r 2  48               pha
000567r 2  98               tya
000568r 2  48               pha ; bump down TOS
000569r 2  CA               dex
00056Ar 2  B5 00            lda $00,x
00056Cr 2  A8               tay
00056Dr 2  CA               dex
00056Er 2  B5 00            lda $00,x
000570r 2               
000570r 2               @OPCODE_149:   ; [c64_ir] PushLiteral(65535)
000570r 2  48               pha
000571r 2  98               tya
000572r 2  48               pha
000573r 2  A0 FF            ldy #255
000575r 2  A9 FF            lda #255
000577r 2               
000577r 2               @OPCODE_150:   ; [c64_ir] AltPush
000577r 2  95 00            sta $00,x
000579r 2  98               tya
00057Ar 2  E8               inx
00057Br 2  95 00            sta $00,x
00057Dr 2  E8               inx
00057Er 2  68               pla
00057Fr 2  A8               tay
000580r 2  68               pla
000581r 2               
000581r 2               @OPCODE_151:   ; [c64_ir] BranchTarget(20)
000581r 2               @target_20:
000581r 2               
000581r 2               @OPCODE_152:   ; [c64_ir] PushLiteral(1)
000581r 2  48               pha
000582r 2  98               tya
000583r 2  48               pha
000584r 2  A0 00            ldy #0
000586r 2  A9 01            lda #1
000588r 2               
000588r 2               @OPCODE_153:   ; [c64_ir] Add
000588r 2  18               clc
000589r 2  85 92            sta TEMP
00058Br 2  84 93            sty TEMP2
00058Dr 2  68               pla
00058Er 2  85 94            sta TEMP3
000590r 2  68               pla
000591r 2  65 92            adc TEMP
000593r 2  85 92            sta TEMP
000595r 2  A5 93            lda TEMP2
000597r 2  65 94            adc TEMP3
000599r 2  A8               tay
00059Ar 2  A5 92            lda TEMP
00059Cr 2               
00059Cr 2               @OPCODE_154:   ; [c64_ir] AltPop
00059Cr 2  48               pha
00059Dr 2  98               tya
00059Er 2  48               pha ; bump down TOS
00059Fr 2  CA               dex
0005A0r 2  B5 00            lda $00,x
0005A2r 2  A8               tay
0005A3r 2  CA               dex
0005A4r 2  B5 00            lda $00,x
0005A6r 2               
0005A6r 2               @OPCODE_155:   ; [c64_ir] Drop
0005A6r 2  68               pla
0005A7r 2  A8               tay
0005A8r 2  68               pla
0005A9r 2               
0005A9r 2               @OPCODE_156:   ; [c64_ir] PushLiteral(65535)
0005A9r 2  48               pha
0005AAr 2  98               tya
0005ABr 2  48               pha
0005ACr 2  A0 FF            ldy #255
0005AEr 2  A9 FF            lda #255
0005B0r 2               
0005B0r 2               @OPCODE_157:   ; [c64_ir] AltPush
0005B0r 2  95 00            sta $00,x
0005B2r 2  98               tya
0005B3r 2  E8               inx
0005B4r 2  95 00            sta $00,x
0005B6r 2  E8               inx
0005B7r 2  68               pla
0005B8r 2  A8               tay
0005B9r 2  68               pla
0005BAr 2               
0005BAr 2               @OPCODE_158:   ; [c64_ir] BranchTarget(21)
0005BAr 2               @target_21:
0005BAr 2               
0005BAr 2               @OPCODE_159:   ; [c64_ir] PushLiteral(65535)
0005BAr 2  48               pha
0005BBr 2  98               tya
0005BCr 2  48               pha
0005BDr 2  A0 FF            ldy #255
0005BFr 2  A9 FF            lda #255
0005C1r 2               
0005C1r 2               @OPCODE_160:   ; [c64_ir] AltPush
0005C1r 2  95 00            sta $00,x
0005C3r 2  98               tya
0005C4r 2  E8               inx
0005C5r 2  95 00            sta $00,x
0005C7r 2  E8               inx
0005C8r 2  68               pla
0005C9r 2  A8               tay
0005CAr 2  68               pla
0005CBr 2               
0005CBr 2               @OPCODE_161:   ; [c64_ir] BranchTarget(22)
0005CBr 2               @target_22:
0005CBr 2               
0005CBr 2               @OPCODE_162:   ; [c64_ir] AltPush
0005CBr 2  95 00            sta $00,x
0005CDr 2  98               tya
0005CEr 2  E8               inx
0005CFr 2  95 00            sta $00,x
0005D1r 2  E8               inx
0005D2r 2  68               pla
0005D3r 2  A8               tay
0005D4r 2  68               pla
0005D5r 2               
0005D5r 2               @OPCODE_163:   ; [c64_ir] StoreTemp
0005D5r 2  85 95            sta TEMP_PAX1
0005D7r 2  84 96            sty TEMP_PAX2
0005D9r 2  68               pla
0005DAr 2  A8               tay
0005DBr 2  68               pla
0005DCr 2               
0005DCr 2               @OPCODE_164:   ; [c64_ir] LoadTemp
0005DCr 2  48               pha
0005DDr 2  98               tya
0005DEr 2  48               pha
0005DFr 2  A5 95            lda TEMP_PAX1
0005E1r 2  A4 96            ldy TEMP_PAX2
0005E3r 2               
0005E3r 2               @OPCODE_165:   ; [c64_ir] AltPop
0005E3r 2  48               pha
0005E4r 2  98               tya
0005E5r 2  48               pha ; bump down TOS
0005E6r 2  CA               dex
0005E7r 2  B5 00            lda $00,x
0005E9r 2  A8               tay
0005EAr 2  CA               dex
0005EBr 2  B5 00            lda $00,x
0005EDr 2               
0005EDr 2               @OPCODE_166:   ; [c64_ir] LoadTemp
0005EDr 2  48               pha
0005EEr 2  98               tya
0005EFr 2  48               pha
0005F0r 2  A5 95            lda TEMP_PAX1
0005F2r 2  A4 96            ldy TEMP_PAX2
0005F4r 2               
0005F4r 2               @OPCODE_167:   ; [c64_ir] AltPop
0005F4r 2  48               pha
0005F5r 2  98               tya
0005F6r 2  48               pha ; bump down TOS
0005F7r 2  CA               dex
0005F8r 2  B5 00            lda $00,x
0005FAr 2  A8               tay
0005FBr 2  CA               dex
0005FCr 2  B5 00            lda $00,x
0005FEr 2               
0005FEr 2               @OPCODE_168:   ; [c64_ir] Drop
0005FEr 2  68               pla
0005FFr 2  A8               tay
000600r 2  68               pla
000601r 2               
000601r 2               @OPCODE_169:   ; [c64_ir] PushLiteral(65535)
000601r 2  48               pha
000602r 2  98               tya
000603r 2  48               pha
000604r 2  A0 FF            ldy #255
000606r 2  A9 FF            lda #255
000608r 2               
000608r 2               @OPCODE_170:   ; [c64_ir] AltPush
000608r 2  95 00            sta $00,x
00060Ar 2  98               tya
00060Br 2  E8               inx
00060Cr 2  95 00            sta $00,x
00060Er 2  E8               inx
00060Fr 2  68               pla
000610r 2  A8               tay
000611r 2  68               pla
000612r 2               
000612r 2               @OPCODE_171:   ; [c64_ir] BranchTarget(23)
000612r 2               @target_23:
000612r 2               
000612r 2               @OPCODE_172:   ; [c64_ir] AltPush
000612r 2  95 00            sta $00,x
000614r 2  98               tya
000615r 2  E8               inx
000616r 2  95 00            sta $00,x
000618r 2  E8               inx
000619r 2  68               pla
00061Ar 2  A8               tay
00061Br 2  68               pla
00061Cr 2               
00061Cr 2               @OPCODE_173:   ; [c64_ir] StoreTemp
00061Cr 2  85 95            sta TEMP_PAX1
00061Er 2  84 96            sty TEMP_PAX2
000620r 2  68               pla
000621r 2  A8               tay
000622r 2  68               pla
000623r 2               
000623r 2               @OPCODE_174:   ; [c64_ir] LoadTemp
000623r 2  48               pha
000624r 2  98               tya
000625r 2  48               pha
000626r 2  A5 95            lda TEMP_PAX1
000628r 2  A4 96            ldy TEMP_PAX2
00062Ar 2               
00062Ar 2               @OPCODE_175:   ; [c64_ir] AltPop
00062Ar 2  48               pha
00062Br 2  98               tya
00062Cr 2  48               pha ; bump down TOS
00062Dr 2  CA               dex
00062Er 2  B5 00            lda $00,x
000630r 2  A8               tay
000631r 2  CA               dex
000632r 2  B5 00            lda $00,x
000634r 2               
000634r 2               @OPCODE_176:   ; [c64_ir] LoadTemp
000634r 2  48               pha
000635r 2  98               tya
000636r 2  48               pha
000637r 2  A5 95            lda TEMP_PAX1
000639r 2  A4 96            ldy TEMP_PAX2
00063Br 2               
00063Br 2               @OPCODE_177:   ; [c64_ir] AltPop
00063Br 2  48               pha
00063Cr 2  98               tya
00063Dr 2  48               pha ; bump down TOS
00063Er 2  CA               dex
00063Fr 2  B5 00            lda $00,x
000641r 2  A8               tay
000642r 2  CA               dex
000643r 2  B5 00            lda $00,x
000645r 2               
000645r 2               @OPCODE_178:   ; [c64_ir] Drop
000645r 2  68               pla
000646r 2  A8               tay
000647r 2  68               pla
000648r 2               
000648r 2               @OPCODE_179:   ; [c64_ir] AltPop
000648r 2  48               pha
000649r 2  98               tya
00064Ar 2  48               pha ; bump down TOS
00064Br 2  CA               dex
00064Cr 2  B5 00            lda $00,x
00064Er 2  A8               tay
00064Fr 2  CA               dex
000650r 2  B5 00            lda $00,x
000652r 2               
000652r 2               @OPCODE_180:   ; [c64_ir] Drop
000652r 2  68               pla
000653r 2  A8               tay
000654r 2  68               pla
000655r 2               
000655r 2               @OPCODE_181:   ; [c64_ir] PushLiteral(65535)
000655r 2  48               pha
000656r 2  98               tya
000657r 2  48               pha
000658r 2  A0 FF            ldy #255
00065Ar 2  A9 FF            lda #255
00065Cr 2               
00065Cr 2               @OPCODE_182:   ; [c64_ir] AltPush
00065Cr 2  95 00            sta $00,x
00065Er 2  98               tya
00065Fr 2  E8               inx
000660r 2  95 00            sta $00,x
000662r 2  E8               inx
000663r 2  68               pla
000664r 2  A8               tay
000665r 2  68               pla
000666r 2               
000666r 2               @OPCODE_183:   ; [c64_ir] BranchTarget(24)
000666r 2               @target_24:
000666r 2               
000666r 2               @OPCODE_184:   ; [c64_ir] PushLiteral(65535)
000666r 2  48               pha
000667r 2  98               tya
000668r 2  48               pha
000669r 2  A0 FF            ldy #255
00066Br 2  A9 FF            lda #255
00066Dr 2               
00066Dr 2               @OPCODE_185:   ; [c64_ir] AltPush
00066Dr 2  95 00            sta $00,x
00066Fr 2  98               tya
000670r 2  E8               inx
000671r 2  95 00            sta $00,x
000673r 2  E8               inx
000674r 2  68               pla
000675r 2  A8               tay
000676r 2  68               pla
000677r 2               
000677r 2               @OPCODE_186:   ; [c64_ir] BranchTarget(25)
000677r 2               @target_25:
000677r 2               
000677r 2               @OPCODE_187:   ; [c64_ir] PushLiteral(65535)
000677r 2  48               pha
000678r 2  98               tya
000679r 2  48               pha
00067Ar 2  A0 FF            ldy #255
00067Cr 2  A9 FF            lda #255
00067Er 2               
00067Er 2               @OPCODE_188:   ; [c64_ir] AltPush
00067Er 2  95 00            sta $00,x
000680r 2  98               tya
000681r 2  E8               inx
000682r 2  95 00            sta $00,x
000684r 2  E8               inx
000685r 2  68               pla
000686r 2  A8               tay
000687r 2  68               pla
000688r 2               
000688r 2               @OPCODE_189:   ; [c64_ir] BranchTarget(26)
000688r 2               @target_26:
000688r 2               
000688r 2               @OPCODE_190:   ; [c64_ir] PushLiteral(65535)
000688r 2  48               pha
000689r 2  98               tya
00068Ar 2  48               pha
00068Br 2  A0 FF            ldy #255
00068Dr 2  A9 FF            lda #255
00068Fr 2               
00068Fr 2               @OPCODE_191:   ; [c64_ir] AltPush
00068Fr 2  95 00            sta $00,x
000691r 2  98               tya
000692r 2  E8               inx
000693r 2  95 00            sta $00,x
000695r 2  E8               inx
000696r 2  68               pla
000697r 2  A8               tay
000698r 2  68               pla
000699r 2               
000699r 2               @OPCODE_192:   ; [c64_ir] BranchTarget(27)
000699r 2               @target_27:
000699r 2               
000699r 2               @OPCODE_193:   ; [c64_ir] PushLiteral(-1)
000699r 2  48               pha
00069Ar 2  98               tya
00069Br 2  48               pha
00069Cr 2  A0 FF            ldy #255
00069Er 2  A9 FF            lda #255
0006A0r 2               
0006A0r 2               @OPCODE_194:   ; [c64_ir] Nand
0006A0r 2  84 92            sty TEMP
0006A2r 2  85 93            sta TEMP2
0006A4r 2  68               pla
0006A5r 2  25 92            and TEMP
0006A7r 2  49 FF            eor #$ff
0006A9r 2  A8               tay
0006AAr 2  68               pla
0006ABr 2  25 93            and TEMP2
0006ADr 2  49 FF            eor #$ff
0006AFr 2               
0006AFr 2               @OPCODE_195:   ; [c64_ir] AltPop
0006AFr 2  48               pha
0006B0r 2  98               tya
0006B1r 2  48               pha ; bump down TOS
0006B2r 2  CA               dex
0006B3r 2  B5 00            lda $00,x
0006B5r 2  A8               tay
0006B6r 2  CA               dex
0006B7r 2  B5 00            lda $00,x
0006B9r 2               
0006B9r 2               @OPCODE_196:   ; [c64_ir] Drop
0006B9r 2  68               pla
0006BAr 2  A8               tay
0006BBr 2  68               pla
0006BCr 2               
0006BCr 2               @OPCODE_197:   ; [c64_ir] PushLiteral(1)
0006BCr 2  48               pha
0006BDr 2  98               tya
0006BEr 2  48               pha
0006BFr 2  A0 00            ldy #0
0006C1r 2  A9 01            lda #1
0006C3r 2               
0006C3r 2               @OPCODE_198:   ; [c64_ir] Add
0006C3r 2  18               clc
0006C4r 2  85 92            sta TEMP
0006C6r 2  84 93            sty TEMP2
0006C8r 2  68               pla
0006C9r 2  85 94            sta TEMP3
0006CBr 2  68               pla
0006CCr 2  65 92            adc TEMP
0006CEr 2  85 92            sta TEMP
0006D0r 2  A5 93            lda TEMP2
0006D2r 2  65 94            adc TEMP3
0006D4r 2  A8               tay
0006D5r 2  A5 92            lda TEMP
0006D7r 2               
0006D7r 2               @OPCODE_199:   ; [c64_ir] AltPop
0006D7r 2  48               pha
0006D8r 2  98               tya
0006D9r 2  48               pha ; bump down TOS
0006DAr 2  CA               dex
0006DBr 2  B5 00            lda $00,x
0006DDr 2  A8               tay
0006DEr 2  CA               dex
0006DFr 2  B5 00            lda $00,x
0006E1r 2               
0006E1r 2               @OPCODE_200:   ; [c64_ir] Drop
0006E1r 2  68               pla
0006E2r 2  A8               tay
0006E3r 2  68               pla
0006E4r 2               
0006E4r 2               @OPCODE_201:   ; [c64_ir] Add
0006E4r 2  18               clc
0006E5r 2  85 92            sta TEMP
0006E7r 2  84 93            sty TEMP2
0006E9r 2  68               pla
0006EAr 2  85 94            sta TEMP3
0006ECr 2  68               pla
0006EDr 2  65 92            adc TEMP
0006EFr 2  85 92            sta TEMP
0006F1r 2  A5 93            lda TEMP2
0006F3r 2  65 94            adc TEMP3
0006F5r 2  A8               tay
0006F6r 2  A5 92            lda TEMP
0006F8r 2               
0006F8r 2               @OPCODE_202:   ; [c64_ir] AltPop
0006F8r 2  48               pha
0006F9r 2  98               tya
0006FAr 2  48               pha ; bump down TOS
0006FBr 2  CA               dex
0006FCr 2  B5 00            lda $00,x
0006FEr 2  A8               tay
0006FFr 2  CA               dex
000700r 2  B5 00            lda $00,x
000702r 2               
000702r 2               @OPCODE_203:   ; [c64_ir] Drop
000702r 2  68               pla
000703r 2  A8               tay
000704r 2  68               pla
000705r 2               
000705r 2               @OPCODE_204:   ; [c64_ir] PushLiteral(65535)
000705r 2  48               pha
000706r 2  98               tya
000707r 2  48               pha
000708r 2  A0 FF            ldy #255
00070Ar 2  A9 FF            lda #255
00070Cr 2               
00070Cr 2               @OPCODE_205:   ; [c64_ir] AltPush
00070Cr 2  95 00            sta $00,x
00070Er 2  98               tya
00070Fr 2  E8               inx
000710r 2  95 00            sta $00,x
000712r 2  E8               inx
000713r 2  68               pla
000714r 2  A8               tay
000715r 2  68               pla
000716r 2               
000716r 2               @OPCODE_206:   ; [c64_ir] BranchTarget(28)
000716r 2               @target_28:
000716r 2               
000716r 2               @OPCODE_207:   ; [c64_ir] JumpIf0(31)
000716r 2  85 92            sta TEMP
000718r 2               
000718r 2  68               pla
000719r 2  A8               tay
00071Ar 2  68               pla
00071Br 2               
00071Br 2  85 93            sta TEMP2
00071Dr 2  A9 00            lda #0
00071Fr 2  C5 92            cmp TEMP
000721r 2  D0 05            bne *+7
000723r 2  A5 93            lda TEMP2
000725r 2  4C rr rr         jmp @target_31
000728r 2               
000728r 2  A5 93            lda TEMP2
00072Ar 2               
00072Ar 2               @OPCODE_208:   ; [c64_ir] PushLiteral(0)
00072Ar 2  48               pha
00072Br 2  98               tya
00072Cr 2  48               pha
00072Dr 2  A0 00            ldy #0
00072Fr 2  A9 00            lda #0
000731r 2               
000731r 2               @OPCODE_209:   ; [c64_ir] JumpAlways(32)
000731r 2  4C rr rr         jmp @target_32
000734r 2               
000734r 2               @OPCODE_210:   ; [c64_ir] BranchTarget(31)
000734r 2               @target_31:
000734r 2               
000734r 2               @OPCODE_211:   ; [c64_ir] PushLiteral(-1)
000734r 2  48               pha
000735r 2  98               tya
000736r 2  48               pha
000737r 2  A0 FF            ldy #255
000739r 2  A9 FF            lda #255
00073Br 2               
00073Br 2               @OPCODE_212:   ; [c64_ir] BranchTarget(32)
00073Br 2               @target_32:
00073Br 2               
00073Br 2               @OPCODE_213:   ; [c64_ir] AltPop
00073Br 2  48               pha
00073Cr 2  98               tya
00073Dr 2  48               pha ; bump down TOS
00073Er 2  CA               dex
00073Fr 2  B5 00            lda $00,x
000741r 2  A8               tay
000742r 2  CA               dex
000743r 2  B5 00            lda $00,x
000745r 2               
000745r 2               @OPCODE_214:   ; [c64_ir] Drop
000745r 2  68               pla
000746r 2  A8               tay
000747r 2  68               pla
000748r 2               
000748r 2               @OPCODE_215:   ; [c64_ir] AltPop
000748r 2  48               pha
000749r 2  98               tya
00074Ar 2  48               pha ; bump down TOS
00074Br 2  CA               dex
00074Cr 2  B5 00            lda $00,x
00074Er 2  A8               tay
00074Fr 2  CA               dex
000750r 2  B5 00            lda $00,x
000752r 2               
000752r 2               @OPCODE_216:   ; [c64_ir] Drop
000752r 2  68               pla
000753r 2  A8               tay
000754r 2  68               pla
000755r 2               
000755r 2               @OPCODE_217:   ; [c64_ir] JumpIf0(37)
000755r 2  85 92            sta TEMP
000757r 2               
000757r 2  68               pla
000758r 2  A8               tay
000759r 2  68               pla
00075Ar 2               
00075Ar 2  85 93            sta TEMP2
00075Cr 2  A9 00            lda #0
00075Er 2  C5 92            cmp TEMP
000760r 2  D0 05            bne *+7
000762r 2  A5 93            lda TEMP2
000764r 2  4C rr rr         jmp @target_37
000767r 2               
000767r 2  A5 93            lda TEMP2
000769r 2               
000769r 2               @OPCODE_218:   ; [c64_ir] PushLiteral(65535)
000769r 2  48               pha
00076Ar 2  98               tya
00076Br 2  48               pha
00076Cr 2  A0 FF            ldy #255
00076Er 2  A9 FF            lda #255
000770r 2               
000770r 2               @OPCODE_219:   ; [c64_ir] AltPush
000770r 2  95 00            sta $00,x
000772r 2  98               tya
000773r 2  E8               inx
000774r 2  95 00            sta $00,x
000776r 2  E8               inx
000777r 2  68               pla
000778r 2  A8               tay
000779r 2  68               pla
00077Ar 2               
00077Ar 2               @OPCODE_220:   ; [c64_ir] BranchTarget(34)
00077Ar 2               @target_34:
00077Ar 2               
00077Ar 2               @OPCODE_221:   ; [c64_ir] Add
00077Ar 2  18               clc
00077Br 2  85 92            sta TEMP
00077Dr 2  84 93            sty TEMP2
00077Fr 2  68               pla
000780r 2  85 94            sta TEMP3
000782r 2  68               pla
000783r 2  65 92            adc TEMP
000785r 2  85 92            sta TEMP
000787r 2  A5 93            lda TEMP2
000789r 2  65 94            adc TEMP3
00078Br 2  A8               tay
00078Cr 2  A5 92            lda TEMP
00078Er 2               
00078Er 2               @OPCODE_222:   ; [c64_ir] PushLiteral(65535)
00078Er 2  48               pha
00078Fr 2  98               tya
000790r 2  48               pha
000791r 2  A0 FF            ldy #255
000793r 2  A9 FF            lda #255
000795r 2               
000795r 2               @OPCODE_223:   ; [c64_ir] AltPush
000795r 2  95 00            sta $00,x
000797r 2  98               tya
000798r 2  E8               inx
000799r 2  95 00            sta $00,x
00079Br 2  E8               inx
00079Cr 2  68               pla
00079Dr 2  A8               tay
00079Er 2  68               pla
00079Fr 2               
00079Fr 2               @OPCODE_224:   ; [c64_ir] BranchTarget(35)
00079Fr 2               @target_35:
00079Fr 2               
00079Fr 2               @OPCODE_225:   ; [c64_ir] Drop
00079Fr 2  68               pla
0007A0r 2  A8               tay
0007A1r 2  68               pla
0007A2r 2               
0007A2r 2               @OPCODE_226:   ; [c64_ir] AltPop
0007A2r 2  48               pha
0007A3r 2  98               tya
0007A4r 2  48               pha ; bump down TOS
0007A5r 2  CA               dex
0007A6r 2  B5 00            lda $00,x
0007A8r 2  A8               tay
0007A9r 2  CA               dex
0007AAr 2  B5 00            lda $00,x
0007ACr 2               
0007ACr 2               @OPCODE_227:   ; [c64_ir] Drop
0007ACr 2  68               pla
0007ADr 2  A8               tay
0007AEr 2  68               pla
0007AFr 2               
0007AFr 2               @OPCODE_228:   ; [c64_ir] AltPop
0007AFr 2  48               pha
0007B0r 2  98               tya
0007B1r 2  48               pha ; bump down TOS
0007B2r 2  CA               dex
0007B3r 2  B5 00            lda $00,x
0007B5r 2  A8               tay
0007B6r 2  CA               dex
0007B7r 2  B5 00            lda $00,x
0007B9r 2               
0007B9r 2               @OPCODE_229:   ; [c64_ir] Drop
0007B9r 2  68               pla
0007BAr 2  A8               tay
0007BBr 2  68               pla
0007BCr 2               
0007BCr 2               @OPCODE_230:   ; [c64_ir] PushLiteral(1)
0007BCr 2  48               pha
0007BDr 2  98               tya
0007BEr 2  48               pha
0007BFr 2  A0 00            ldy #0
0007C1r 2  A9 01            lda #1
0007C3r 2               
0007C3r 2               @OPCODE_231:   ; [c64_ir] JumpAlways(38)
0007C3r 2  4C rr rr         jmp @target_38
0007C6r 2               
0007C6r 2               @OPCODE_232:   ; [c64_ir] BranchTarget(37)
0007C6r 2               @target_37:
0007C6r 2               
0007C6r 2               @OPCODE_233:   ; [c64_ir] AltPush
0007C6r 2  95 00            sta $00,x
0007C8r 2  98               tya
0007C9r 2  E8               inx
0007CAr 2  95 00            sta $00,x
0007CCr 2  E8               inx
0007CDr 2  68               pla
0007CEr 2  A8               tay
0007CFr 2  68               pla
0007D0r 2               
0007D0r 2               @OPCODE_234:   ; [c64_ir] AltPush
0007D0r 2  95 00            sta $00,x
0007D2r 2  98               tya
0007D3r 2  E8               inx
0007D4r 2  95 00            sta $00,x
0007D6r 2  E8               inx
0007D7r 2  68               pla
0007D8r 2  A8               tay
0007D9r 2  68               pla
0007DAr 2               
0007DAr 2               @OPCODE_235:   ; [c64_ir] PushLiteral(0)
0007DAr 2  48               pha
0007DBr 2  98               tya
0007DCr 2  48               pha
0007DDr 2  A0 00            ldy #0
0007DFr 2  A9 00            lda #0
0007E1r 2               
0007E1r 2               @OPCODE_236:   ; [c64_ir] BranchTarget(38)
0007E1r 2               @target_38:
0007E1r 2               
0007E1r 2               @OPCODE_237:   ; [c64_ir] PushLiteral(65535)
0007E1r 2  48               pha
0007E2r 2  98               tya
0007E3r 2  48               pha
0007E4r 2  A0 FF            ldy #255
0007E6r 2  A9 FF            lda #255
0007E8r 2               
0007E8r 2               @OPCODE_238:   ; [c64_ir] AltPush
0007E8r 2  95 00            sta $00,x
0007EAr 2  98               tya
0007EBr 2  E8               inx
0007ECr 2  95 00            sta $00,x
0007EEr 2  E8               inx
0007EFr 2  68               pla
0007F0r 2  A8               tay
0007F1r 2  68               pla
0007F2r 2               
0007F2r 2               @OPCODE_239:   ; [c64_ir] BranchTarget(39)
0007F2r 2               @target_39:
0007F2r 2               
0007F2r 2               @OPCODE_240:   ; [c64_ir] AltPush
0007F2r 2  95 00            sta $00,x
0007F4r 2  98               tya
0007F5r 2  E8               inx
0007F6r 2  95 00            sta $00,x
0007F8r 2  E8               inx
0007F9r 2  68               pla
0007FAr 2  A8               tay
0007FBr 2  68               pla
0007FCr 2               
0007FCr 2               @OPCODE_241:   ; [c64_ir] StoreTemp
0007FCr 2  85 95            sta TEMP_PAX1
0007FEr 2  84 96            sty TEMP_PAX2
000800r 2  68               pla
000801r 2  A8               tay
000802r 2  68               pla
000803r 2               
000803r 2               @OPCODE_242:   ; [c64_ir] AltPop
000803r 2  48               pha
000804r 2  98               tya
000805r 2  48               pha ; bump down TOS
000806r 2  CA               dex
000807r 2  B5 00            lda $00,x
000809r 2  A8               tay
00080Ar 2  CA               dex
00080Br 2  B5 00            lda $00,x
00080Dr 2               
00080Dr 2               @OPCODE_243:   ; [c64_ir] LoadTemp
00080Dr 2  48               pha
00080Er 2  98               tya
00080Fr 2  48               pha
000810r 2  A5 95            lda TEMP_PAX1
000812r 2  A4 96            ldy TEMP_PAX2
000814r 2               
000814r 2               @OPCODE_244:   ; [c64_ir] AltPop
000814r 2  48               pha
000815r 2  98               tya
000816r 2  48               pha ; bump down TOS
000817r 2  CA               dex
000818r 2  B5 00            lda $00,x
00081Ar 2  A8               tay
00081Br 2  CA               dex
00081Cr 2  B5 00            lda $00,x
00081Er 2               
00081Er 2               @OPCODE_245:   ; [c64_ir] Drop
00081Er 2  68               pla
00081Fr 2  A8               tay
000820r 2  68               pla
000821r 2               
000821r 2               @OPCODE_246:   ; [c64_ir] AltPush
000821r 2  95 00            sta $00,x
000823r 2  98               tya
000824r 2  E8               inx
000825r 2  95 00            sta $00,x
000827r 2  E8               inx
000828r 2  68               pla
000829r 2  A8               tay
00082Ar 2  68               pla
00082Br 2               
00082Br 2               @OPCODE_247:   ; [c64_ir] AltPop
00082Br 2  48               pha
00082Cr 2  98               tya
00082Dr 2  48               pha ; bump down TOS
00082Er 2  CA               dex
00082Fr 2  B5 00            lda $00,x
000831r 2  A8               tay
000832r 2  CA               dex
000833r 2  B5 00            lda $00,x
000835r 2               
000835r 2               @OPCODE_248:   ; [c64_ir] Drop
000835r 2  68               pla
000836r 2  A8               tay
000837r 2  68               pla
000838r 2               
000838r 2               @OPCODE_249:   ; [c64_ir] JumpIf0(17)
000838r 2  85 92            sta TEMP
00083Ar 2               
00083Ar 2  68               pla
00083Br 2  A8               tay
00083Cr 2  68               pla
00083Dr 2               
00083Dr 2  85 93            sta TEMP2
00083Fr 2  A9 00            lda #0
000841r 2  C5 92            cmp TEMP
000843r 2  D0 05            bne *+7
000845r 2  A5 93            lda TEMP2
000847r 2  4C rr rr         jmp @target_17
00084Ar 2               
00084Ar 2  A5 93            lda TEMP2
00084Cr 2               
00084Cr 2               @OPCODE_250:   ; [c64_ir] Exit
00084Cr 2                   ;rts
00084Cr 2               
00084Cr 2               
00084Cr 2               
00084Cr 2               
00084Cr 2               
00084Cr 2               
00084Cr 2               ; function start
00084Cr 2               
00084Cr 2               
00084Cr 2               
00084Cr 1               
00084Cr 1                   ; restore stack
00084Cr 1  A6 97            ldx STACK_RESERVE
00084Er 1  9A               txs
00084Fr 1                   ; re-enable interrupts
00084Fr 1  58               cli
000850r 1               
000850r 1               pax_finished:
000850r 1  4C rr rr         jmp mainloop
000853r 1               
000853r 1               
000853r 1               msg:
000853r 1  20 20 20 20      .asciiz "              hello world!              "
000857r 1  20 20 20 20  
00085Br 1  20 20 20 20  
00087Cr 1               
00087Cr 1               draw_text:
00087Cr 1  A2 00            ldx #$00
00087Er 1               draw_loop:
00087Er 1  BD rr rr         lda msg,x
000881r 1  9D E0 05         sta $05e0,x
000884r 1  E8               inx
000885r 1  E0 28            cpx #$28
000887r 1  D0 F5            bne draw_loop
000889r 1  60               rts
000889r 1               
