ROM Bank #0 (HOME):
  SECTION: $0028-$0038 ($0011 bytes) ["Copy Data"]
           $002E = COPY_DATA.copy_data_loop
           $0028 = COPY_DATA
  SECTION: $0040-$0042 ($0003 bytes) ["VBlank IRQ"]
  SECTION: $0048-$0048 ($0001 bytes) ["LCD IRQ Vector"]
           $0048 = LCD_VECT
  SECTION: $0050-$0050 ($0001 bytes) ["Timer IRQ Vector"]
           $0050 = TIMER_VECT
  SECTION: $0058-$0058 ($0001 bytes) ["Serial IRQ Vector"]
           $0058 = SERIAL_VECT
  SECTION: $0060-$0060 ($0001 bytes) ["Joypad IRQ Vector"]
           $0060 = JOYPAD_VECT
  SECTION: $0100-$014F ($0050 bytes) ["Start"]
  SECTION: $0EE0-$3B6F ($2C90 bytes) ["Tiles"]
           $0EE0 = TILE_DATA
  SECTION: $3B70-$3F6F ($0400 bytes) ["Map"]
           $3B70 = MAP_DATA
  SECTION: $0150-$0EDF ($0D90 bytes) ["Program Start"]
           $0DBD = VBLANK_IRQ
           $0150 = START
           $0DF1 = CLEAR_MAP
           $0E00 = LOAD_TILES
           $0E24 = CLEAR_RAM
           $0E33 = READ_JOYPAD
           $0E63 = JOY_RIGHT
           $0E72 = JOY_LEFT
           $0E81 = JOY_UP
           $0E8F = JOY_DOWN
           $0DC9 = WAIT_VBLANK
           $0D3A = PAX_FN_main
           $0EC7 = RandomNumber
           $018E = LOOP
           $053A = PAX_FN_draw2Dapple2Dtile
           $01D7 = PAX_FN_swap
           $0201 = PAX_FN_over
           $0269 = PAX_FN_invert
           $0270 = PAX_FN_negate
           $0242 = PAX_FN_dup
           $02C9 = PAX_FN_03D.target_2
           $02D2 = PAX_FN_03D.target_3
           $0275 = PAX_FN_2D
           $02B0 = PAX_FN_03D
           $0280 = PAX_FN_12B
           $0262 = PAX_FN_2dup
           $02D3 = PAX_FN_3D
           $0304 = PAX_FN_loopimpl
           $03E6 = PAX_FN_2A.target_1
           $044D = PAX_FN_03C.target_3
           $0456 = PAX_FN_03C.target_4
           $0424 = PAX_FN_03C
           $0483 = PAX_FN_25.target_7
           $0498 = PAX_FN_25.target_10
           $022D = PAX_FN_rot
           $0457 = PAX_FN_25.target_1
           $02F2 = PAX_FN_and
           $0457 = PAX_FN_25
           $03B9 = PAX_FN_cells
           $03C4 = PAX_FN_2A
           $04E4 = PAX_FN_convert2Dx2Dy
           $04F8 = PAX_FN_draw2Dindex
           $050D = PAX_FN_draw
           $037B = PAX_FN_i
           $0596 = PAX_FN_draw2Dbackground.target_2
           $0576 = PAX_FN_draw2Dbackground.target_1
           $064F = PAX_FN_draw2Dwalls.target_3
           $06AC = PAX_FN_draw2Dwalls.target_9
           $070E = PAX_FN_draw2Dwalls.target_15
           $0770 = PAX_FN_draw2Dwalls.target_20
           $04D0 = PAX_FN_snake2Dx
           $04DA = PAX_FN_snake2Dy
           $07E8 = PAX_FN_initialize2Dsnake.target_1
           $0857 = PAX_FN_set2Dapple2Dposition
           $054D = PAX_FN_draw2Dbackground
           $060E = PAX_FN_draw2Dwalls
           $07B6 = PAX_FN_initialize2Dsnake
           $0874 = PAX_FN_initialize2Dapple
           $0282 = PAX_FN_2B21
           $091F = PAX_FN_move2Dsnake2Dhead.target_5
           $08AD = PAX_FN_move2Dleft
           $0982 = PAX_FN_move2Dsnake2Dhead.target_23
           $0941 = PAX_FN_move2Dsnake2Dhead.target_10
           $0897 = PAX_FN_move2Dup
           $0982 = PAX_FN_move2Dsnake2Dhead.target_22
           $0963 = PAX_FN_move2Dsnake2Dhead.target_15
           $08D9 = PAX_FN_move2Dright
           $0982 = PAX_FN_move2Dsnake2Dhead.target_21
           $0982 = PAX_FN_move2Dsnake2Dhead.target_20
           $08C3 = PAX_FN_move2Ddown
           $033B = PAX_FN_2Dloopimpl
           $09AE = PAX_FN_move2Dsnake2Dtail.target_1
           $02DA = PAX_FN_or
           $0A23 = PAX_FN_is2Dhorizontal
           $0AAB = PAX_FN_turn2Dup.target_3
           $0A53 = PAX_FN_is2Dvertical
           $0AD4 = PAX_FN_turn2Dleft.target_3
           $0AFD = PAX_FN_turn2Ddown.target_3
           $0B26 = PAX_FN_turn2Dright.target_3
           $0B49 = PAX_FN_change2Ddirection.target_5
           $0AAC = PAX_FN_turn2Dleft
           $0BAC = PAX_FN_change2Ddirection.target_23
           $0B6B = PAX_FN_change2Ddirection.target_10
           $0A83 = PAX_FN_turn2Dup
           $0BAC = PAX_FN_change2Ddirection.target_22
           $0B8D = PAX_FN_change2Ddirection.target_15
           $0AFE = PAX_FN_turn2Dright
           $0BAC = PAX_FN_change2Ddirection.target_21
           $0BAC = PAX_FN_change2Ddirection.target_20
           $0AD5 = PAX_FN_turn2Ddown
           $0B27 = PAX_FN_change2Ddirection
           $04AF = PAX_FN_random
           $0514 = PAX_FN_draw2Dwhite
           $0BDD = PAX_FN_random2Dx2Dposition
           $0BFC = PAX_FN_random2Dy2Dposition
           $0CAE = PAX_FN_check2Dapple.target_7
           $0C1B = PAX_FN_move2Dapple
           $0C44 = PAX_FN_grow2Dsnake
           $0527 = PAX_FN_draw2Dsnake2Dtile
           $0D67 = PAX_FN_main.target_6
           $088A = PAX_FN_initialize
           $0CE5 = PAX_FN_draw2Dsnake2Dhead2Dtail
           $01B7 = PAX_FN_draw2Dapple
           $0BB3 = PAX_FN_check2Dinput
           $0989 = PAX_FN_move2Dsnake2Dtail
           $08EF = PAX_FN_move2Dsnake2Dhead
           $0C5A = PAX_FN_check2Dapple
           $0CAF = PAX_FN_check2Dcollision
           $0DA4 = PAX_FN_main.target_15
           $0DBC = PAX_FN_main.target_16
           $0DCC = WAIT_VBLANK.wait_vblank_loop
           $0DF7 = CLEAR_MAP.clear_map_loop
           $0E09 = LOAD_TILES.load_tiles_loop
           $0E1B = LOAD_MAP.load_map_loop
           $0E2A = CLEAR_RAM.loop
           $0EC5 = JOY_FALSE
           $02BD = PAX_FN_03D.target_1
           $02B0 = PAX_FN_03D.target_0
           $04A8 = PAX_FN_25.target_12
           $04A5 = PAX_FN_25.target_11
           $041D = PAX_FN_2A.target_5
           $0400 = PAX_FN_2A.target_4
           $03F3 = PAX_FN_2A.target_3
           $03E9 = PAX_FN_2A.target_2
           $03C4 = PAX_FN_2A.target_0
           $093E = PAX_FN_move2Dsnake2Dhead.target_9
           $093B = PAX_FN_move2Dsnake2Dhead.target_8
           $092E = PAX_FN_move2Dsnake2Dhead.target_7
           $092B = PAX_FN_move2Dsnake2Dhead.target_6
           $091C = PAX_FN_move2Dsnake2Dhead.target_4
           $0919 = PAX_FN_move2Dsnake2Dhead.target_3
           $090C = PAX_FN_move2Dsnake2Dhead.target_2
           $0909 = PAX_FN_move2Dsnake2Dhead.target_1
           $08EF = PAX_FN_move2Dsnake2Dhead.target_0
           $0AAC = PAX_FN_turn2Dleft.target_0
           $0AAF = PAX_FN_turn2Dleft.target_1
           $0ABC = PAX_FN_turn2Dleft.target_2
           $0275 = PAX_FN_2D.target_0
           $0278 = PAX_FN_2D.target_1
           $0A08 = PAX_FN_move2Dsnake2Dtail.target_12
           $09EB = PAX_FN_move2Dsnake2Dtail.target_10
           $09FB = PAX_FN_move2Dsnake2Dtail.target_11
           $0857 = PAX_FN_set2Dapple2Dposition.target_0
           $0823 = PAX_FN_initialize2Dsnake.target_8
           $0830 = PAX_FN_initialize2Dsnake.target_9
           $07B6 = PAX_FN_initialize2Dsnake.target_0
           $07F4 = PAX_FN_initialize2Dsnake.target_2
           $07F7 = PAX_FN_initialize2Dsnake.target_3
           $07FA = PAX_FN_initialize2Dsnake.target_4
           $07FD = PAX_FN_initialize2Dsnake.target_5
           $080D = PAX_FN_initialize2Dsnake.target_6
           $0810 = PAX_FN_initialize2Dsnake.target_7
           $0237 = PAX_FN_rot.target_1
           $022D = PAX_FN_rot.target_0
           $0241 = PAX_FN_rot.target_2
           $0EA7 = JOY_B
           $0E9D = JOY_A
           $08EE = PAX_FN_move2Dright.target_1
           $08D9 = PAX_FN_move2Dright.target_0
           $0270 = PAX_FN_negate.target_0
           $0273 = PAX_FN_negate.target_1
           $0C14 = PAX_FN_random2Dy2Dposition.target_2
           $0C11 = PAX_FN_random2Dy2Dposition.target_1
           $0BFC = PAX_FN_random2Dy2Dposition.target_0
           $0A70 = PAX_FN_is2Dvertical.target_2
           $0A73 = PAX_FN_is2Dvertical.target_3
           $0A53 = PAX_FN_is2Dvertical.target_0
           $0A64 = PAX_FN_is2Dvertical.target_1
           $0A7F = PAX_FN_is2Dvertical.target_4
           $0A82 = PAX_FN_is2Dvertical.target_5
           $08D8 = PAX_FN_move2Ddown.target_1
           $08C3 = PAX_FN_move2Ddown.target_0
           $04D0 = PAX_FN_snake2Dx.target_0
           $04D3 = PAX_FN_snake2Dx.target_1
           $0AD8 = PAX_FN_turn2Ddown.target_1
           $0AD5 = PAX_FN_turn2Ddown.target_0
           $0AE5 = PAX_FN_turn2Ddown.target_2
           $0201 = PAX_FN_over.target_0
           $0520 = PAX_FN_draw2Dwhite.target_1
           $0514 = PAX_FN_draw2Dwhite.target_0
           $0526 = PAX_FN_draw2Dwhite.target_3
           $0523 = PAX_FN_draw2Dwhite.target_2
           $045D = PAX_FN_25.target_3
           $045A = PAX_FN_25.target_2
           $0457 = PAX_FN_25.target_0
           $0470 = PAX_FN_25.target_6
           $0463 = PAX_FN_25.target_5
           $0460 = PAX_FN_25.target_4
           $048F = PAX_FN_25.target_9
           $0486 = PAX_FN_25.target_8
           $0370 = PAX_FN_2Dloopimpl.target_6
           $0373 = PAX_FN_2Dloopimpl.target_7
           $035C = PAX_FN_2Dloopimpl.target_4
           $035F = PAX_FN_2Dloopimpl.target_5
           $034F = PAX_FN_2Dloopimpl.target_2
           $0359 = PAX_FN_2Dloopimpl.target_3
           $033B = PAX_FN_2Dloopimpl.target_0
           $0345 = PAX_FN_2Dloopimpl.target_1
           $0285 = PAX_FN_2B21.target_1
           $0282 = PAX_FN_2B21.target_0
           $0C59 = PAX_FN_grow2Dsnake.target_1
           $0C44 = PAX_FN_grow2Dsnake.target_0
           $0BF5 = PAX_FN_random2Dx2Dposition.target_2
           $0BDD = PAX_FN_random2Dx2Dposition.target_0
           $0BF2 = PAX_FN_random2Dx2Dposition.target_1
           $0874 = PAX_FN_initialize2Dapple.target_0
           $0889 = PAX_FN_initialize2Dapple.target_1
           $0536 = PAX_FN_draw2Dsnake2Dtile.target_2
           $0539 = PAX_FN_draw2Dsnake2Dtile.target_3
           $0527 = PAX_FN_draw2Dsnake2Dtile.target_0
           $0533 = PAX_FN_draw2Dsnake2Dtile.target_1
           $037B = PAX_FN_i.target_0
           $0B0E = PAX_FN_turn2Dright.target_2
           $0B01 = PAX_FN_turn2Dright.target_1
           $0AFE = PAX_FN_turn2Dright.target_0
           $0CE5 = PAX_FN_draw2Dsnake2Dhead2Dtail.target_0
           $0CF1 = PAX_FN_draw2Dsnake2Dhead2Dtail.target_1
           $0D02 = PAX_FN_draw2Dsnake2Dhead2Dtail.target_2
           $0D0A = PAX_FN_draw2Dsnake2Dhead2Dtail.target_3
           $0D1B = PAX_FN_draw2Dsnake2Dhead2Dtail.target_4
           $0D31 = PAX_FN_draw2Dsnake2Dhead2Dtail.target_5
           $0D39 = PAX_FN_draw2Dsnake2Dhead2Dtail.target_6
           $0DDD = DMA_COPY
           $0EB1 = JOY_SELECT
           $01B7 = PAX_FN_draw2Dapple.target_0
           $01D6 = PAX_FN_draw2Dapple.target_1
           $04CF = PAX_FN_random.target_3
           $04CC = PAX_FN_random.target_2
           $04C9 = PAX_FN_random.target_1
           $04AF = PAX_FN_random.target_0
           $050D = PAX_FN_draw.target_0
           $0510 = PAX_FN_draw.target_1
           $0513 = PAX_FN_draw.target_2
           $0242 = PAX_FN_dup.target_0
           $01D7 = PAX_FN_swap.target_0
           $0795 = PAX_FN_draw2Dwalls.target_24
           $077C = PAX_FN_draw2Dwalls.target_21
           $0788 = PAX_FN_draw2Dwalls.target_23
           $077F = PAX_FN_draw2Dwalls.target_22
           $08AD = PAX_FN_move2Dleft.target_0
           $08C2 = PAX_FN_move2Dleft.target_1
           $071A = PAX_FN_draw2Dwalls.target_16
           $071D = PAX_FN_draw2Dwalls.target_17
           $06EE = PAX_FN_draw2Dwalls.target_14
           $06BE = PAX_FN_draw2Dwalls.target_12
           $06CB = PAX_FN_draw2Dwalls.target_13
           $06B8 = PAX_FN_draw2Dwalls.target_10
           $06BB = PAX_FN_draw2Dwalls.target_11
           $0726 = PAX_FN_draw2Dwalls.target_18
           $0733 = PAX_FN_draw2Dwalls.target_19
           $04DD = PAX_FN_snake2Dy.target_1
           $04DA = PAX_FN_snake2Dy.target_0
           $0A93 = PAX_FN_turn2Dup.target_2
           $0A83 = PAX_FN_turn2Dup.target_0
           $0A86 = PAX_FN_turn2Dup.target_1
           $0304 = PAX_FN_loopimpl.target_0
           $031C = PAX_FN_loopimpl.target_1
           $031F = PAX_FN_loopimpl.target_2
           $0330 = PAX_FN_loopimpl.target_3
           $0333 = PAX_FN_loopimpl.target_4
           $0897 = PAX_FN_move2Dup.target_0
           $08AC = PAX_FN_move2Dup.target_1
           $0896 = PAX_FN_initialize.target_4
           $088A = PAX_FN_initialize.target_0
           $088D = PAX_FN_initialize.target_1
           $0890 = PAX_FN_initialize.target_2
           $0893 = PAX_FN_initialize.target_3
           $0DA1 = PAX_FN_main.target_14
           $0D91 = PAX_FN_main.target_12
           $0D94 = PAX_FN_main.target_13
           $0D8B = PAX_FN_main.target_10
           $0D8E = PAX_FN_main.target_11
           $04E4 = PAX_FN_convert2Dx2Dy.target_0
           $04F0 = PAX_FN_convert2Dx2Dy.target_1
           $097F = PAX_FN_move2Dsnake2Dhead.target_18
           $0982 = PAX_FN_move2Dsnake2Dhead.target_19
           $096F = PAX_FN_move2Dsnake2Dhead.target_16
           $0972 = PAX_FN_move2Dsnake2Dhead.target_17
           $0960 = PAX_FN_move2Dsnake2Dhead.target_14
           $0950 = PAX_FN_move2Dsnake2Dhead.target_12
           $095D = PAX_FN_move2Dsnake2Dhead.target_13
           $094D = PAX_FN_move2Dsnake2Dhead.target_11
           $066B = PAX_FN_draw2Dwalls.target_7
           $0668 = PAX_FN_draw2Dwalls.target_6
           $065E = PAX_FN_draw2Dwalls.target_5
           $065B = PAX_FN_draw2Dwalls.target_4
           $062F = PAX_FN_draw2Dwalls.target_2
           $0623 = PAX_FN_draw2Dwalls.target_1
           $060E = PAX_FN_draw2Dwalls.target_0
           $0678 = PAX_FN_draw2Dwalls.target_8
           $0268 = PAX_FN_2dup.target_2
           $0265 = PAX_FN_2dup.target_1
           $0262 = PAX_FN_2dup.target_0
           $0C40 = PAX_FN_move2Dapple.target_3
           $0C3D = PAX_FN_move2Dapple.target_2
           $0C3A = PAX_FN_move2Dapple.target_1
           $0C1B = PAX_FN_move2Dapple.target_0
           $0C43 = PAX_FN_move2Dapple.target_4
           $0303 = PAX_FN_and.target_1
           $02F2 = PAX_FN_and.target_0
           $0BB3 = PAX_FN_check2Dinput.target_0
           $0BC4 = PAX_FN_check2Dinput.target_1
           $0B33 = PAX_FN_change2Ddirection.target_1
           $0B27 = PAX_FN_change2Ddirection.target_0
           $0B43 = PAX_FN_change2Ddirection.target_3
           $0B36 = PAX_FN_change2Ddirection.target_2
           $0B46 = PAX_FN_change2Ddirection.target_4
           $0B58 = PAX_FN_change2Ddirection.target_7
           $0B55 = PAX_FN_change2Ddirection.target_6
           $0B68 = PAX_FN_change2Ddirection.target_9
           $0B65 = PAX_FN_change2Ddirection.target_8
           $0CE4 = PAX_FN_check2Dcollision.target_2
           $0CAF = PAX_FN_check2Dcollision.target_0
           $0CCE = PAX_FN_check2Dcollision.target_1
           $0EBB = JOY_START
           $0EDE = randomness
           $02D9 = PAX_FN_3D.target_2
           $02D6 = PAX_FN_3D.target_1
           $02D3 = PAX_FN_3D.target_0
           $09DC = PAX_FN_move2Dsnake2Dtail.target_7
           $09C9 = PAX_FN_move2Dsnake2Dtail.target_6
           $09C5 = PAX_FN_move2Dsnake2Dtail.target_5
           $09BD = PAX_FN_move2Dsnake2Dtail.target_4
           $09BA = PAX_FN_move2Dsnake2Dtail.target_3
           $09B1 = PAX_FN_move2Dsnake2Dtail.target_2
           $0989 = PAX_FN_move2Dsnake2Dtail.target_0
           $09E7 = PAX_FN_move2Dsnake2Dtail.target_9
           $09DF = PAX_FN_move2Dsnake2Dtail.target_8
           $0A4F = PAX_FN_is2Dhorizontal.target_4
           $0A52 = PAX_FN_is2Dhorizontal.target_5
           $0A40 = PAX_FN_is2Dhorizontal.target_2
           $0A43 = PAX_FN_is2Dhorizontal.target_3
           $0A23 = PAX_FN_is2Dhorizontal.target_0
           $0A34 = PAX_FN_is2Dhorizontal.target_1
           $0E12 = LOAD_MAP
           $04F8 = PAX_FN_draw2Dindex.target_0
           $0CA8 = PAX_FN_check2Dapple.target_4
           $0CAB = PAX_FN_check2Dapple.target_5
           $0CAE = PAX_FN_check2Dapple.target_6
           $0C5A = PAX_FN_check2Dapple.target_0
           $0C79 = PAX_FN_check2Dapple.target_1
           $0C98 = PAX_FN_check2Dapple.target_2
           $0C9B = PAX_FN_check2Dapple.target_3
           $05E0 = PAX_FN_draw2Dbackground.target_8
           $05ED = PAX_FN_draw2Dbackground.target_9
           $05A5 = PAX_FN_draw2Dbackground.target_4
           $05AF = PAX_FN_draw2Dbackground.target_5
           $05B2 = PAX_FN_draw2Dbackground.target_6
           $05BF = PAX_FN_draw2Dbackground.target_7
           $054D = PAX_FN_draw2Dbackground.target_0
           $05A2 = PAX_FN_draw2Dbackground.target_3
           $0280 = PAX_FN_12B.target_0
           $0424 = PAX_FN_03C.target_0
           $0434 = PAX_FN_03C.target_1
           $0441 = PAX_FN_03C.target_2
           $0269 = PAX_FN_invert.target_0
           $02DD = PAX_FN_or.target_1
           $02DA = PAX_FN_or.target_0
           $02E3 = PAX_FN_or.target_3
           $02E0 = PAX_FN_or.target_2
           $0D88 = PAX_FN_main.target_9
           $0D85 = PAX_FN_main.target_8
           $0D82 = PAX_FN_main.target_7
           $0D67 = PAX_FN_main.target_5
           $0D64 = PAX_FN_main.target_4
           $0D57 = PAX_FN_main.target_3
           $0D4C = PAX_FN_main.target_2
           $0D46 = PAX_FN_main.target_1
           $0D3A = PAX_FN_main.target_0
           $03BC = PAX_FN_cells.target_1
           $03B9 = PAX_FN_cells.target_0
           $0B77 = PAX_FN_change2Ddirection.target_11
           $0B7A = PAX_FN_change2Ddirection.target_12
           $0B87 = PAX_FN_change2Ddirection.target_13
           $0B8A = PAX_FN_change2Ddirection.target_14
           $0B99 = PAX_FN_change2Ddirection.target_16
           $0B9C = PAX_FN_change2Ddirection.target_17
           $0BA9 = PAX_FN_change2Ddirection.target_18
           $0BAC = PAX_FN_change2Ddirection.target_19
           $053A = PAX_FN_draw2Dapple2Dtile.target_0
           $0546 = PAX_FN_draw2Dapple2Dtile.target_1
           $0549 = PAX_FN_draw2Dapple2Dtile.target_2
           $054C = PAX_FN_draw2Dapple2Dtile.target_3
    SLACK: $0178 bytes

WRAM Bank #0:
  SECTION: $C000-$C007 ($0008 bytes) ["RAM Vars"]
           $C005 = Seed
           $C004 = vblank_temp
           $C000 = vblank_flag
           $C001 = vblank_count
           $C002 = joypad_down
           $C003 = joypad_pressed
  SECTION: $C020-$C023 ($0004 bytes) ["Pax System Vars"]
           $C022 = pax_var_random
           $C020 = pax_var_last_key
  SECTION: $C040 ($0 bytes) ["Pax User Vars"]
           $C040 = pax_user_vars
    SLACK: $0FF4 bytes

WRAM Bank #1:
  EMPTY

WRAM Bank #2:
  EMPTY

WRAM Bank #3:
  EMPTY

WRAM Bank #4:
  EMPTY

WRAM Bank #5:
  EMPTY

WRAM Bank #6:
  EMPTY

WRAM Bank #7:
  EMPTY

VRAM Bank #0:
  EMPTY

VRAM Bank #1:
  EMPTY

OAM:
  EMPTY

HRAM:
  EMPTY

SRAM Bank #0:
  EMPTY

SRAM Bank #1:
  EMPTY

SRAM Bank #2:
  EMPTY

SRAM Bank #3:
  EMPTY

SRAM Bank #4:
  EMPTY

SRAM Bank #5:
  EMPTY

SRAM Bank #6:
  EMPTY

SRAM Bank #7:
  EMPTY

SRAM Bank #8:
  EMPTY

SRAM Bank #9:
  EMPTY

SRAM Bank #10:
  EMPTY

SRAM Bank #11:
  EMPTY

SRAM Bank #12:
  EMPTY

SRAM Bank #13:
  EMPTY

SRAM Bank #14:
  EMPTY

SRAM Bank #15:
  EMPTY

